
$ /pscratch/sd/s/suryact/code_runs/phase2k_repo/code_repository/.venv_phase2/bin/python scripts/audit/run_lower_anchor_phase2n_batch.py --segment-id phase2x_collar_012b1_phase2x_nlift1536_top64_p0009_nlift1536 --K-lo 0.966254398047 --K-hi 0.966255086719 --K-mid 0.966254742383 --N-values 1536 --oversample-factors 16 --sigma-caps 0.0001 --timeout-seconds 1200.0 --skip-existing --seed-json artifacts/proof_audit/lower_corridor/phase2n_probes/phase2n_collar_012a_N1024_os16_sg0p0001.json
{
  "attempt_count": 1,
  "best": {
    "K_mid": 0.966254742383,
    "N": 1536,
    "elapsed_seconds": 20.743950605392456,
    "failure_reasons": [
      "analytic_radii_margin_not_safely_positive"
    ],
    "finite_radii_margin": 2.595291953566414e-07,
    "linear_Z": 0.48525297002919987,
    "oversample_factor": 16,
    "path": "artifacts/proof_audit/lower_corridor/phase2n_probes/phase2x_collar_012b1_phase2x_nlift1536_top64_p0009_nlift1536_N1536_os16_sg0p0001.json",
    "radii_margin": -0.0014567664677546176,
    "radius_r": 5.042943998292502e-07,
    "residual_Y": 1.2017177135889166e-08,
    "segment_id": "phase2x_collar_012b1_phase2x_nlift1536_top64_p0009_nlift1536",
    "sigma_cap": 0.0001,
    "sigma_used": 0.0001,
    "source_theorem_margin": -0.001458538547336089,
    "status": "phase2n-diagnostic-single-N",
    "tail_T": 0.0014570140336220248,
    "theorem_ready": false
  },
  "best_candidate_path": "artifacts/proof_audit/lower_corridor/phase2n_probes/phase2x_collar_012b1_phase2x_nlift1536_top64_p0009_nlift1536_best_single_segment_candidate.json",
  "csv_path": "tables/proof_audit/lower_corridor/phase2n_probes/phase2x_collar_012b1_phase2x_nlift1536_top64_p0009_nlift1536_phase2n_batch_summary.csv",
  "summary_path": "artifacts/proof_audit/lower_corridor/phase2n_probes/phase2x_collar_012b1_phase2x_nlift1536_top64_p0009_nlift1536_phase2n_batch_summary.json",
  "theorem_ready_count": 0
}

$ /pscratch/sd/s/suryact/code_runs/phase2k_repo/code_repository/.venv_phase2/bin/python scripts/audit/run_lower_anchor_phase2o_radius_tail_scan.py --input artifacts/proof_audit/lower_corridor/phase2n_probes/phase2x_collar_012b1_phase2x_nlift1536_top64_p0009_nlift1536_phase2n_batch_summary.json --out artifacts/proof_audit/lower_corridor/phase2x_weighted/collar_012b1_phase2x_nlift1536_top64/phase2o/phase2x_collar_012b1_phase2x_nlift1536_top64_p0009_nlift1536_tail_radius_scan.json --csv tables/proof_audit/lower_corridor/phase2x_weighted/collar_012b1_phase2x_nlift1536_top64/phase2o/phase2x_collar_012b1_phase2x_nlift1536_top64_p0009_nlift1536_tail_radius_scan.csv --candidate-out artifacts/proof_audit/lower_corridor/phase2x_weighted/collar_012b1_phase2x_nlift1536_top64/phase2o/phase2x_collar_012b1_phase2x_nlift1536_top64_p0009_nlift1536_tail_radius_candidate.json --radius-multipliers 0.9,0.95,1.0,1.04,1.08,1.12,1.16,1.2,1.25,1.3,1.4 --sigma-values 0.0000001,0.00000025,0.0000005,0.000001 --tail-band-fractions 0.65,0.85 --tail-safety-factors 2,4
{
  "status": "phase2o-diagnostic-tail-radius-not-closed",
  "theorem_ready_count": 0,
  "theorem_eligible_count": 15,
  "diagnostic_ready_count": 0,
  "best_theorem_eligible": {
    "model_name": "strict_sigma_override_sg1.000e-07",
    "tail_model": "strict_cauchy_tail_sigma_override",
    "radii_margin": -0.0008681826402453539,
    "sigma": 1e-07,
    "radius_multiplier": 1.0,
    "tail_T": 0.0008684346976095353,
    "allowable_tail_max": 2.520583641813791e-07,
    "finite_contraction_q": 0.9705059400583997,
    "failure_reasons": [
      "analytic_radii_margin_not_safely_positive"
    ]
  },
  "best_diagnostic": {
    "model_name": "diag_highmode_sg1.000e-06_b0.85_sf2",
    "tail_model": "diagnostic_high_mode_envelope_tail",
    "radii_margin": -6.7576768988764675,
    "sigma": 1e-06,
    "tail_T": 6.7576771509021984,
    "allowable_tail_max": 2.520267311543142e-07,
    "failure_reasons": [
      "diagnostic_margin_not_positive"
    ]
  },
  "conclusion": {
    "closed": false,
    "recommended_next_step": "inspect_best_diagnostic_tail_rows_then_implement_a_sharper_tail_lemma_or_change_the_lower_norm",
    "message": "No theorem-eligible tail/radius row closed.  The report identifies whether radius inflation is blocked by finite contraction and whether diagnostic tail models would close.",
    "best_eligible_margin": -0.0008681826402453539,
    "best_eligible_tail_T": 0.0008684346976095353,
    "best_eligible_allowable_tail_max": 2.520583641813791e-07,
    "radius_inflation_blocked_by_finite_contraction": true,
    "source_samples": {
      "source_validation_present": true,
      "has_u": true,
      "N_from_u": 1536,
      "lambda_value": -3.99779833260722e-19
    }
  }
}
wrote report: artifacts/proof_audit/lower_corridor/phase2x_weighted/collar_012b1_phase2x_nlift1536_top64/phase2o/phase2x_collar_012b1_phase2x_nlift1536_top64_p0009_nlift1536_tail_radius_scan.json
wrote csv: tables/proof_audit/lower_corridor/phase2x_weighted/collar_012b1_phase2x_nlift1536_top64/phase2o/phase2x_collar_012b1_phase2x_nlift1536_top64_p0009_nlift1536_tail_radius_scan.csv
wrote candidate: artifacts/proof_audit/lower_corridor/phase2x_weighted/collar_012b1_phase2x_nlift1536_top64/phase2o/phase2x_collar_012b1_phase2x_nlift1536_top64_p0009_nlift1536_tail_radius_candidate.json

$ /pscratch/sd/s/suryact/code_runs/phase2k_repo/code_repository/.venv_phase2/bin/python scripts/audit/run_lower_anchor_phase2p_modewise_tail_scan.py --input artifacts/proof_audit/lower_corridor/phase2x_weighted/collar_012b1_phase2x_nlift1536_top64/phase2o/phase2x_collar_012b1_phase2x_nlift1536_top64_p0009_nlift1536_tail_radius_candidate.json --out artifacts/proof_audit/lower_corridor/phase2x_weighted/collar_012b1_phase2x_nlift1536_top64/phase2p/phase2x_collar_012b1_phase2x_nlift1536_top64_p0009_nlift1536_modewise_tail_scan.json --csv tables/proof_audit/lower_corridor/phase2x_weighted/collar_012b1_phase2x_nlift1536_top64/phase2p/phase2x_collar_012b1_phase2x_nlift1536_top64_p0009_nlift1536_modewise_tail_scan.csv --candidate-out artifacts/proof_audit/lower_corridor/phase2x_weighted/collar_012b1_phase2x_nlift1536_top64/phase2p/phase2x_collar_012b1_phase2x_nlift1536_top64_p0009_nlift1536_modewise_tail_candidate.json --sigma-values 0.0000001,0.00000025,0.0000005,0.000001 --tail-cutoffs 1024,1536,2048,3072 --oversample-factors 16
{
  "status": "phase2p-diagnostic-modewise-tail-not-closed",
  "theorem_ready_count": 0,
  "theorem_eligible_count": 240,
  "best_theorem_eligible": {
    "model_name": "strict_modewise_tail_from_strict_source_tail_radius_x1_04_sg1.000e-07_os16_cut3072",
    "tail_model": "strict_modewise_geometric_tail_response",
    "theorem_ready": false,
    "sigma": 1e-07,
    "tail_cutoff": 3072,
    "radii_margin": -7.73719630641376e-06,
    "tail_T": 7.989457081558601e-06,
    "allowable_tail_max": 2.522617751448404e-07,
    "tail_response_bound": 7.924523929978575e-06,
    "nonlinear_guard": 6.493315158002567e-08,
    "failure_reasons": [
      "finite_contraction_q_not_below_one",
      "analytic_radii_margin_not_safely_positive"
    ]
  },
  "conclusion": {
    "closed": false,
    "recommended_next_step": "if_modewise_tail_fails_change_the_lower_norm_or_recompute_a_better_finite_inverse",
    "message": "No theorem-eligible modewise tail row closed.",
    "best_eligible_margin": -7.73719630641376e-06,
    "best_eligible_tail_T": 7.989457081558601e-06,
    "best_eligible_allowable_tail_max": 2.522617751448404e-07
  }
}
wrote report: artifacts/proof_audit/lower_corridor/phase2x_weighted/collar_012b1_phase2x_nlift1536_top64/phase2p/phase2x_collar_012b1_phase2x_nlift1536_top64_p0009_nlift1536_modewise_tail_scan.json
wrote csv: tables/proof_audit/lower_corridor/phase2x_weighted/collar_012b1_phase2x_nlift1536_top64/phase2p/phase2x_collar_012b1_phase2x_nlift1536_top64_p0009_nlift1536_modewise_tail_scan.csv
wrote candidate: artifacts/proof_audit/lower_corridor/phase2x_weighted/collar_012b1_phase2x_nlift1536_top64/phase2p/phase2x_collar_012b1_phase2x_nlift1536_top64_p0009_nlift1536_modewise_tail_candidate.json
