
$ /pscratch/sd/s/suryact/phase2k_venv/bin/python scripts/audit/run_lower_anchor_phase2n_batch.py --segment-id phase2n_collar_012 --K-lo 0.9660001 --K-hi 0.9665002 --K-mid 0.96625015 --N-values 1024 --oversample-factors 16 --sigma-caps 0.0001 --timeout-seconds 1200.0 --skip-existing --seed-json artifacts/proof_audit/lower_corridor/phase2n_probes/phase2n_collar_011_N1024_os16_sg0p0001.json
{
  "attempt_count": 1,
  "best": {
    "K_mid": 0.96625015,
    "N": 1024,
    "elapsed_seconds": 26.020880699157715,
    "failure_reasons": [
      "analytic_radii_margin_not_safely_positive"
    ],
    "finite_radii_margin": 2.749637714762116e-07,
    "linear_Z": 0.1723827983828341,
    "oversample_factor": 16,
    "path": "artifacts/proof_audit/lower_corridor/phase2n_probes/phase2n_collar_012_N1024_os16_sg0p0001.json",
    "radii_margin": -2.427515022367488e-05,
    "radius_r": 3.3223584910364384e-07,
    "residual_Y": 3.1437558223165644e-08,
    "segment_id": "phase2n_collar_012",
    "sigma_cap": 0.0001,
    "sigma_used": 0.0001,
    "source_theorem_margin": -2.771915642719644e-05,
    "status": "phase2n-diagnostic-single-N",
    "tail_T": 2.4518675769163776e-05,
    "theorem_ready": false
  },
  "best_candidate_path": "artifacts/proof_audit/lower_corridor/phase2n_probes/phase2n_collar_012_best_single_segment_candidate.json",
  "csv_path": "tables/proof_audit/lower_corridor/phase2n_probes/phase2n_collar_012_phase2n_batch_summary.csv",
  "summary_path": "artifacts/proof_audit/lower_corridor/phase2n_probes/phase2n_collar_012_phase2n_batch_summary.json",
  "theorem_ready_count": 0
}
