================================================================================
Phase 2V targeted micro-rescue closer: collar_012b1_v256
target interval: [0.9662501, 0.9663752]
pieces: 256; selected range: [0, 64); workers: 48; profile: needle
================================================================================
[not-closed] piece 0027 phase2v_collar_012b1_v256_p0027 margin=-5.191494433063916e-08 ready=False
[not-closed] piece 0043 phase2v_collar_012b1_v256_p0043 margin=-5.5579380160800284e-08 ready=False
[not-closed] piece 0016 phase2v_collar_012b1_v256_p0016 margin=-1.3318725147178306e-07 ready=False
[not-closed] piece 0028 phase2v_collar_012b1_v256_p0028 margin=-9.324175096113011e-08 ready=False
[not-closed] piece 0021 phase2v_collar_012b1_v256_p0021 margin=-1.6936977912403898e-07 ready=False
[not-closed] piece 0008 phase2v_collar_012b1_v256_p0008 margin=-9.854395334570385e-08 ready=False
[not-closed] piece 0031 phase2v_collar_012b1_v256_p0031 margin=-1.8685484734915756e-07 ready=False
[not-closed] piece 0046 phase2v_collar_012b1_v256_p0046 margin=-2.3821548611753062e-07 ready=False
[not-closed] piece 0033 phase2v_collar_012b1_v256_p0033 margin=-9.093760988912178e-08 ready=False
[not-closed] piece 0025 phase2v_collar_012b1_v256_p0025 margin=-2.433589727043573e-07 ready=False
[not-closed] piece 0006 phase2v_collar_012b1_v256_p0006 margin=-6.313335645018682e-08 ready=False
[not-closed] piece 0047 phase2v_collar_012b1_v256_p0047 margin=-1.315741649144465e-07 ready=False
[not-closed] piece 0038 phase2v_collar_012b1_v256_p0038 margin=-1.8115497263956156e-07 ready=False
[not-closed] piece 0015 phase2v_collar_012b1_v256_p0015 margin=-1.8279280561515595e-08 ready=False
[not-closed] piece 0009 phase2v_collar_012b1_v256_p0009 margin=-6.592760592691612e-08 ready=False
[not-closed] piece 0042 phase2v_collar_012b1_v256_p0042 margin=-2.4591858130082905e-07 ready=False
[not-closed] piece 0039 phase2v_collar_012b1_v256_p0039 margin=-8.504234264074059e-08 ready=False
[not-closed] piece 0032 phase2v_collar_012b1_v256_p0032 margin=-1.525358668309017e-07 ready=False
[not-closed] piece 0020 phase2v_collar_012b1_v256_p0020 margin=-1.3489034050177253e-07 ready=False
[not-closed] piece 0036 phase2v_collar_012b1_v256_p0036 margin=-2.2797155009579496e-07 ready=False
[not-closed] piece 0017 phase2v_collar_012b1_v256_p0017 margin=-1.1515234493139105e-07 ready=False
[not-closed] piece 0012 phase2v_collar_012b1_v256_p0012 margin=-3.33477247005667e-08 ready=False
[not-closed] piece 0011 phase2v_collar_012b1_v256_p0011 margin=-2.2436473284413254e-08 ready=False
[not-closed] piece 0001 phase2v_collar_012b1_v256_p0001 margin=-1.8515764277890492e-07 ready=False
[not-closed] piece 0040 phase2v_collar_012b1_v256_p0040 margin=-1.8576894777101907e-07 ready=False
[not-closed] piece 0037 phase2v_collar_012b1_v256_p0037 margin=-1.7994301062324843e-07 ready=False
[not-closed] piece 0029 phase2v_collar_012b1_v256_p0029 margin=-1.5219998812442208e-07 ready=False
[not-closed] piece 0035 phase2v_collar_012b1_v256_p0035 margin=-1.3830392226903903e-07 ready=False
[not-closed] piece 0041 phase2v_collar_012b1_v256_p0041 margin=-2.509646995770395e-07 ready=False
[not-closed] piece 0005 phase2v_collar_012b1_v256_p0005 margin=-1.3088593264822121e-08 ready=False
[not-closed] piece 0026 phase2v_collar_012b1_v256_p0026 margin=-2.715784830896689e-07 ready=False
[not-closed] piece 0003 phase2v_collar_012b1_v256_p0003 margin=-2.439197928789774e-07 ready=False
[not-closed] piece 0022 phase2v_collar_012b1_v256_p0022 margin=-1.148996511560226e-07 ready=False
[not-closed] piece 0014 phase2v_collar_012b1_v256_p0014 margin=-1.601700420472329e-07 ready=False
[not-closed] piece 0010 phase2v_collar_012b1_v256_p0010 margin=-1.3162037907308098e-07 ready=False
[not-closed] piece 0018 phase2v_collar_012b1_v256_p0018 margin=-6.052852366440946e-08 ready=False
[not-closed] piece 0000 phase2v_collar_012b1_v256_p0000 margin=-3.071319982482952e-07 ready=False
[not-closed] piece 0007 phase2v_collar_012b1_v256_p0007 margin=-1.7983170558148024e-07 ready=False
[not-closed] piece 0030 phase2v_collar_012b1_v256_p0030 margin=-1.0284894489008547e-07 ready=False
[not-closed] piece 0019 phase2v_collar_012b1_v256_p0019 margin=-1.8491823149884884e-07 ready=False
[not-closed] piece 0004 phase2v_collar_012b1_v256_p0004 margin=-1.3027878849475454e-07 ready=False
[not-closed] piece 0002 phase2v_collar_012b1_v256_p0002 margin=-1.9815550696442298e-07 ready=False
[not-closed] piece 0044 phase2v_collar_012b1_v256_p0044 margin=-1.0064060094904733e-07 ready=False
[not-closed] piece 0013 phase2v_collar_012b1_v256_p0013 margin=-1.7087895333341434e-07 ready=False
[not-closed] piece 0045 phase2v_collar_012b1_v256_p0045 margin=-2.1207577431572378e-07 ready=False
[not-closed] piece 0024 phase2v_collar_012b1_v256_p0024 margin=-1.3457378042993835e-07 ready=False
[not-closed] piece 0034 phase2v_collar_012b1_v256_p0034 margin=-1.7367670971978811e-07 ready=False
[not-closed] piece 0023 phase2v_collar_012b1_v256_p0023 margin=-2.502522384764149e-07 ready=False
[not-closed] piece 0050 phase2v_collar_012b1_v256_p0050 margin=-1.6773013173101464e-07 ready=False
[not-closed] piece 0052 phase2v_collar_012b1_v256_p0052 margin=-2.9040381404073553e-07 ready=False
[not-closed] piece 0057 phase2v_collar_012b1_v256_p0057 margin=-2.9594968953645337e-07 ready=False
[not-closed] piece 0061 phase2v_collar_012b1_v256_p0061 margin=-2.5212533047462694e-07 ready=False
[not-closed] piece 0048 phase2v_collar_012b1_v256_p0048 margin=-2.2799491784127052e-07 ready=False
[not-closed] piece 0063 phase2v_collar_012b1_v256_p0063 margin=-1.8727610219418886e-07 ready=False
[not-closed] piece 0054 phase2v_collar_012b1_v256_p0054 margin=-2.090674812593239e-07 ready=False
[not-closed] piece 0060 phase2v_collar_012b1_v256_p0060 margin=-1.503174522743063e-07 ready=False
[not-closed] piece 0058 phase2v_collar_012b1_v256_p0058 margin=-1.4239406825529425e-07 ready=False
[not-closed] piece 0051 phase2v_collar_012b1_v256_p0051 margin=-8.674321657534479e-08 ready=False
[not-closed] piece 0049 phase2v_collar_012b1_v256_p0049 margin=-2.4630946964161154e-07 ready=False
[not-closed] piece 0059 phase2v_collar_012b1_v256_p0059 margin=-2.0285390985605418e-07 ready=False
[not-closed] piece 0053 phase2v_collar_012b1_v256_p0053 margin=-2.2424183012159393e-07 ready=False
[not-closed] piece 0062 phase2v_collar_012b1_v256_p0062 margin=-2.0653101327248762e-07 ready=False
[not-closed] piece 0056 phase2v_collar_012b1_v256_p0056 margin=-8.700237512070641e-08 ready=False
[not-closed] piece 0055 phase2v_collar_012b1_v256_p0055 margin=-1.7611089599429455e-07 ready=False

Phase 2V complete.
{
  "status": "phase2v-incomplete",
  "closed_count": 0,
  "pending_count": 64,
  "summary_path": "artifacts/proof_audit/lower_corridor/phase2v_micro/collar_012b1_v256/phase2v_collar_012b1_v256_run_summary.json",
  "csv_path": "tables/proof_audit/lower_corridor/phase2v_micro/collar_012b1_v256/phase2v_collar_012b1_v256_pieces.csv",
  "assemble_report": {},
  "best_failed_rows": [
    {
      "path": "artifacts/proof_audit/lower_corridor/phase2v_micro/collar_012b1_v256/phase2p/phase2v_collar_012b1_v256_p0005_modewise_tail_candidate.json",
      "K_lo": 0.966252443359,
      "K_hi": 0.966253132031,
      "theorem_facing": false,
      "promotion_allowed": false,
      "closure_level": "phase2p_modewise_tail_not_closed",
      "failure_fields": [
        "phase2p_modewise_tail_not_theorem_ready"
      ],
      "theorem_ready": false,
      "model_name": "strict_modewise_tail_from_strict_source_tail_radius_x1_25_sg1.000e-07_os16_cut1536",
      "sigma": 1e-07,
      "radius_r": 8.538575693935129e-07,
      "radius_multiplier": null,
      "finite_contraction_q": 0.8864539835486571,
      "tail_cutoff": 1536,
      "radii_margin": -1.3088593264822121e-08,
      "tail_T": 4.653536042400287e-07,
      "allowable_tail_max": 4.5226601097520665e-07,
      "tail_response_bound": 3.4650256313467106e-07,
      "nonlinear_guard": 1.1885104110535766e-07,
      "failure_reasons": [
        "analytic_radii_margin_not_safely_positive"
      ]
    },
    {
      "path": "artifacts/proof_audit/lower_corridor/phase2v_micro/collar_012b1_v256/phase2p/phase2v_collar_012b1_v256_p0015_modewise_tail_candidate.json",
      "K_lo": 0.966257330078,
      "K_hi": 0.96625801875,
      "theorem_facing": false,
      "promotion_allowed": false,
      "closure_level": "phase2p_modewise_tail_not_closed",
      "failure_fields": [
        "phase2p_modewise_tail_not_theorem_ready"
      ],
      "theorem_ready": false,
      "model_name": "strict_modewise_tail_from_strict_source_tail_radius_x1_08_sg1.000e-07_os16_cut1536",
      "sigma": 1e-07,
      "radius_r": 9.620987675032461e-07,
      "radius_multiplier": null,
      "finite_contraction_q": 0.999652520388182,
      "tail_cutoff": 1536,
      "radii_margin": -1.8279280561515595e-08,
      "tail_T": 4.7629155821506164e-07,
      "allowable_tail_max": 4.5801327765354594e-07,
      "tail_response_bound": 3.5598764627192107e-07,
      "nonlinear_guard": 1.2030391194314057e-07,
      "failure_reasons": [
        "analytic_radii_margin_not_safely_positive"
      ]
    },
    {
      "path": "artifacts/proof_audit/lower_corridor/phase2v_micro/collar_012b1_v256/phase2p/phase2v_collar_012b1_v256_p0011_modewise_tail_candidate.json",
      "K_lo": 0.966255375391,
      "K_hi": 0.966256064062,
      "theorem_facing": false,
      "promotion_allowed": false,
      "closure_level": "phase2p_modewise_tail_not_closed",
      "failure_fields": [
        "phase2p_modewise_tail_not_theorem_ready"
      ],
      "theorem_ready": false,
      "model_name": "strict_modewise_tail_from_strict_source_tail_radius_x1_25_sg1.000e-07_os16_cut1536",
      "sigma": 1e-07,
      "radius_r": 8.130448221837205e-07,
      "radius_multiplier": null,
      "finite_contraction_q": 0.8445013820316898,
      "tail_cutoff": 1536,
      "radii_margin": -2.2436473284413254e-08,
      "tail_T": 4.68994086003983e-07,
      "allowable_tail_max": 4.465586127195697e-07,
      "tail_response_bound": 3.515602275655e-07,
      "nonlinear_guard": 1.1743385843848301e-07,
      "failure_reasons": [
        "analytic_radii_margin_not_safely_positive"
      ]
    },
    {
      "path": "artifacts/proof_audit/lower_corridor/phase2v_micro/collar_012b1_v256/phase2p/phase2v_collar_012b1_v256_p0012_modewise_tail_candidate.json",
      "K_lo": 0.966255864062,
      "K_hi": 0.966256552734,
      "theorem_facing": false,
      "promotion_allowed": false,
      "closure_level": "phase2p_modewise_tail_not_closed",
      "failure_fields": [
        "phase2p_modewise_tail_not_theorem_ready"
      ],
      "theorem_ready": false,
      "model_name": "strict_modewise_tail_from_strict_source_tail_radius_x1_25_sg1.000e-07_os16_cut1536",
      "sigma": 1e-07,
      "radius_r": 7.275828957646875e-07,
      "radius_multiplier": null,
      "finite_contraction_q": 0.7557953756564699,
      "tail_cutoff": 1536,
      "radii_margin": -3.33477247005667e-08,
      "tail_T": 4.627938069317837e-07,
      "allowable_tail_max": 4.29447082231217e-07,
      "tail_response_bound": 3.496362020104027e-07,
      "nonlinear_guard": 1.1315760492138095e-07,
      "failure_reasons": [
        "analytic_radii_margin_not_safely_positive"
      ]
    },
    {
      "path": "artifacts/proof_audit/lower_corridor/phase2v_micro/collar_012b1_v256/phase2p/phase2v_collar_012b1_v256_p0027_modewise_tail_candidate.json",
      "K_lo": 0.966263194141,
      "K_hi": 0.966263882812,
      "theorem_facing": false,
      "promotion_allowed": false,
      "closure_level": "phase2p_modewise_tail_not_closed",
      "failure_fields": [
        "phase2p_modewise_tail_not_theorem_ready"
      ],
      "theorem_ready": false,
      "model_name": "strict_modewise_tail_from_strict_source_tail_radius_x1_25_sg1.000e-07_os16_cut1536",
      "sigma": 1e-07,
      "radius_r": 6.621899440810241e-07,
      "radius_multiplier": null,
      "finite_contraction_q": 0.6887207449420756,
      "tail_cutoff": 1536,
      "radii_margin": -5.191494433063916e-08,
      "tail_T": 4.6279111210338375e-07,
      "allowable_tail_max": 4.1087716777274454e-07,
      "tail_response_bound": 3.542517524686958e-07,
      "nonlinear_guard": 1.0853935963468792e-07,
      "failure_reasons": [
        "analytic_radii_margin_not_safely_positive"
      ]
    },
    {
      "path": "artifacts/proof_audit/lower_corridor/phase2v_micro/collar_012b1_v256/phase2p/phase2v_collar_012b1_v256_p0043_modewise_tail_candidate.json",
      "K_lo": 0.966271012891,
      "K_hi": 0.966271701562,
      "theorem_facing": false,
      "promotion_allowed": false,
      "closure_level": "phase2p_modewise_tail_not_closed",
      "failure_fields": [
        "phase2p_modewise_tail_not_theorem_ready"
      ],
      "theorem_ready": false,
      "model_name": "strict_modewise_tail_from_strict_source_tail_radius_x1_25_sg1.000e-07_os16_cut1536",
      "sigma": 1e-07,
      "radius_r": 6.479162259707103e-07,
      "radius_multiplier": null,
      "finite_contraction_q": 0.6747699173687031,
      "tail_cutoff": 1536,
      "radii_margin": -5.5579380160800284e-08,
      "tail_T": 4.6151283126350815e-07,
      "allowable_tail_max": 4.059344511027079e-07,
      "tail_response_bound": 3.5418320163658807e-07,
      "nonlinear_guard": 1.073296296269201e-07,
      "failure_reasons": [
        "analytic_radii_margin_not_safely_positive"
      ]
    },
    {
      "path": "artifacts/proof_audit/lower_corridor/phase2v_micro/collar_012b1_v256/phase2p/phase2v_collar_012b1_v256_p0018_modewise_tail_candidate.json",
      "K_lo": 0.966258796094,
      "K_hi": 0.966259484766,
      "theorem_facing": false,
      "promotion_allowed": false,
      "closure_level": "phase2p_modewise_tail_not_closed",
      "failure_fields": [
        "phase2p_modewise_tail_not_theorem_ready"
      ],
      "theorem_ready": false,
      "model_name": "strict_modewise_tail_from_strict_source_tail_radius_x1_25_sg1.000e-07_os16_cut1536",
      "sigma": 1e-07,
      "radius_r": 6.230846983132012e-07,
      "radius_multiplier": null,
      "finite_contraction_q": 0.647566246895126,
      "tail_cutoff": 1536,
      "radii_margin": -6.052852366440946e-08,
      "tail_T": 4.586452928328784e-07,
      "allowable_tail_max": 3.9811776916846895e-07,
      "tail_response_bound": 3.5331032031957545e-07,
      "nonlinear_guard": 1.0533497251330295e-07,
      "failure_reasons": [
        "analytic_radii_margin_not_safely_positive"
      ]
    },
    {
      "path": "artifacts/proof_audit/lower_corridor/phase2v_micro/collar_012b1_v256/phase2p/phase2v_collar_012b1_v256_p0006_modewise_tail_candidate.json",
      "K_lo": 0.966252932031,
      "K_hi": 0.966253620703,
      "theorem_facing": false,
      "promotion_allowed": false,
      "closure_level": "phase2p_modewise_tail_not_closed",
      "failure_fields": [
        "phase2p_modewise_tail_not_theorem_ready"
      ],
      "theorem_ready": false,
      "model_name": "strict_modewise_tail_from_strict_source_tail_radius_x1_25_sg1.000e-07_os16_cut1536",
      "sigma": 1e-07,
      "radius_r": 5.811450868410423e-07,
      "radius_multiplier": null,
      "finite_contraction_q": 0.6033803601352085,
      "tail_cutoff": 1536,
      "radii_margin": -6.313335645018682e-08,
      "tail_T": 4.4580640523922686e-07,
      "allowable_tail_max": 3.8267404878904e-07,
      "tail_response_bound": 3.4435169123160303e-07,
      "nonlinear_guard": 1.0145471400762382e-07,
      "failure_reasons": [
        "analytic_radii_margin_not_safely_positive"
      ]
    },
    {
      "path": "artifacts/proof_audit/lower_corridor/phase2v_micro/collar_012b1_v256/phase2p/phase2v_collar_012b1_v256_p0009_modewise_tail_candidate.json",
      "K_lo": 0.966254398047,
      "K_hi": 0.966255086719,
      "theorem_facing": false,
      "promotion_allowed": false,
      "closure_level": "phase2p_modewise_tail_not_closed",
      "failure_fields": [
        "phase2p_modewise_tail_not_theorem_ready"
      ],
      "theorem_ready": false,
      "model_name": "strict_modewise_tail_from_strict_source_tail_radius_x1_25_sg1.000e-07_os16_cut1536",
      "sigma": 1e-07,
      "radius_r": 5.829623438815675e-07,
      "radius_multiplier": null,
      "finite_contraction_q": 0.6054170526583225,
      "tail_cutoff": 1536,
      "radii_margin": -6.592760592691612e-08,
      "tail_T": 4.492566905534503e-07,
      "allowable_tail_max": 3.833300846265342e-07,
      "tail_response_bound": 3.47633139180973e-07,
      "nonlinear_guard": 1.0162355137247734e-07,
      "failure_reasons": [
        "analytic_radii_margin_not_safely_positive"
      ]
    },
    {
      "path": "artifacts/proof_audit/lower_corridor/phase2v_micro/collar_012b1_v256/phase2p/phase2v_collar_012b1_v256_p0039_modewise_tail_candidate.json",
      "K_lo": 0.966269058203,
      "K_hi": 0.966269746875,
      "theorem_facing": false,
      "promotion_allowed": false,
      "closure_level": "phase2p_modewise_tail_not_closed",
      "failure_fields": [
        "phase2p_modewise_tail_not_theorem_ready"
      ],
      "theorem_ready": false,
      "model_name": "strict_modewise_tail_from_strict_source_tail_radius_x1_25_sg1.000e-07_os16_cut1536",
      "sigma": 1e-07,
      "radius_r": 5.024516531030799e-07,
      "radius_multiplier": null,
      "finite_contraction_q": 0.5231026497530382,
      "tail_cutoff": 1536,
      "radii_margin": -8.504234264074059e-08,
      "tail_T": 4.3271750173589456e-07,
      "allowable_tail_max": 3.4767615909515403e-07,
      "tail_response_bound": 3.3995891283933215e-07,
      "nonlinear_guard": 9.275858889656242e-08,
      "failure_reasons": [
        "analytic_radii_margin_not_safely_positive"
      ]
    }
  ]
}
