{
  "status": "phase2p-theorem-ready-modewise-tail-closure",
  "theorem_ready_count": 40,
  "theorem_eligible_count": 40,
  "best_theorem_eligible": {
    "model_name": "strict_modewise_tail_sg1.000e-06_os16_cut2048",
    "tail_model": "strict_modewise_geometric_tail_response",
    "theorem_ready": true,
    "sigma": 1e-06,
    "tail_cutoff": 2048,
    "radii_margin": 3.0994989431743516e-07,
    "tail_T": 1.5861117176667417e-07,
    "allowable_tail_max": 4.6856206608410925e-07,
    "tail_response_bound": 4.1232423535821985e-08,
    "nonlinear_guard": 1.1737874823085219e-07,
    "failure_reasons": []
  },
  "conclusion": {
    "closed": true,
    "recommended_next_step": "export_phase2p_candidate_and_merge_collar_000_then_propagate_phase2p_to_the_next_collar_segment",
    "message": "A theorem-eligible modewise tail row has positive outward-rounded margin.",
    "best_ready_margin": 3.0994989431743516e-07,
    "best_ready_tail_T": 1.5861117176667417e-07,
    "best_ready_allowable_tail_max": 4.6856206608410925e-07
  }
}
wrote report: artifacts/proof_audit/lower_corridor/phase2p_modewise_tail/phase2p_collar_001_modewise_tail_scan.json
wrote csv: tables/proof_audit/lower_corridor/phase2p_modewise_tail/phase2p_collar_001_modewise_tail_scan.csv
wrote candidate: artifacts/proof_audit/lower_corridor/phase2p_modewise_tail/phase2p_collar_001_modewise_tail_candidate.json
