{
  "attempt_count": 1,
  "best": {
    "K_mid": 0.966349739062,
    "N": 1024,
    "elapsed_seconds": 10.45680046081543,
    "failure_reasons": [
      "analytic_radii_margin_not_safely_positive"
    ],
    "finite_radii_margin": 4.61427783129538e-07,
    "linear_Z": 0.42061112925711724,
    "oversample_factor": 16,
    "path": "artifacts/proof_audit/lower_corridor/phase2n_probes/phase2n_collar_012b1_d00_p0012_d01_p0001_N1024_os16_sg0p0001.json",
    "radii_margin": -2.5162759985734196e-05,
    "radius_r": 7.969088394390637e-07,
    "residual_Y": 3.326629612810304e-08,
    "segment_id": "phase2n_collar_012b1_d00_p0012_d01_p0001",
    "sigma_cap": 0.0001,
    "sigma_used": 0.0001,
    "source_theorem_margin": -2.8764069321128144e-05,
    "status": "phase2n-diagnostic-single-N",
    "tail_T": 2.5591212802173716e-05,
    "theorem_ready": false
  },
  "best_candidate_path": "artifacts/proof_audit/lower_corridor/phase2n_probes/phase2n_collar_012b1_d00_p0012_d01_p0001_best_single_segment_candidate.json",
  "csv_path": "tables/proof_audit/lower_corridor/phase2n_probes/phase2n_collar_012b1_d00_p0012_d01_p0001_phase2n_batch_summary.csv",
  "summary_path": "artifacts/proof_audit/lower_corridor/phase2n_probes/phase2n_collar_012b1_d00_p0012_d01_p0001_phase2n_batch_summary.json",
  "theorem_ready_count": 0
}
