{
  "attempt_count": 8,
  "best": {
    "K_mid": 0.9602501,
    "N": 1024,
    "elapsed_seconds": 21.78397798538208,
    "failure_reasons": [
      "analytic_radii_margin_not_safely_positive"
    ],
    "finite_radii_margin": 7.960421897795372e-07,
    "linear_Z": 0.4759687998839275,
    "oversample_factor": 32,
    "path": "artifacts/proof_audit/lower_corridor/phase2n_probes/phase2n_collar_000_N1024_os32_sg0p0001.json",
    "radii_margin": -1.803631551957617e-06,
    "radius_r": 1.519093619540313e-06,
    "residual_Y": 1.077960631868734e-09,
    "segment_id": "phase2n_collar_000",
    "sigma_cap": 0.0001,
    "sigma_used": 0.0001,
    "source_theorem_margin": -1.7186557866109455e-06,
    "status": "phase2n-diagnostic-single-N",
    "tail_T": 2.598605043862127e-06,
    "theorem_ready": false
  },
  "best_candidate_path": "artifacts/proof_audit/lower_corridor/phase2n_probes/phase2n_collar_000_best_single_segment_candidate.json",
  "csv_path": "tables/proof_audit/lower_corridor/phase2n_probes/phase2n_collar_000_phase2n_batch_summary.csv",
  "summary_path": "artifacts/proof_audit/lower_corridor/phase2n_probes/phase2n_collar_000_phase2n_batch_summary.json",
  "theorem_ready_count": 0
}
