{
  "attempt_count": 1,
  "best": {
    "K_mid": 0.966371240625,
    "N": 1024,
    "elapsed_seconds": 9.255949974060059,
    "failure_reasons": [
      "analytic_radii_margin_not_safely_positive"
    ],
    "finite_radii_margin": 3.521383876207946e-07,
    "linear_Z": 0.248131145447384,
    "oversample_factor": 16,
    "path": "artifacts/proof_audit/lower_corridor/phase2n_probes/phase2n_collar_012b1_d00_p0015_N1024_os16_sg0p0001.json",
    "radii_margin": -2.5810714470842364e-05,
    "radius_r": 4.683514336842177e-07,
    "residual_Y": 3.3675101946330465e-08,
    "segment_id": "phase2n_collar_012b1_d00_p0015",
    "sigma_cap": 0.0001,
    "sigma_used": 0.0001,
    "source_theorem_margin": -2.948451761773294e-05,
    "status": "phase2n-diagnostic-single-N",
    "tail_T": 2.612917722486826e-05,
    "theorem_ready": false
  },
  "best_candidate_path": "artifacts/proof_audit/lower_corridor/phase2n_probes/phase2n_collar_012b1_d00_p0015_best_single_segment_candidate.json",
  "csv_path": "tables/proof_audit/lower_corridor/phase2n_probes/phase2n_collar_012b1_d00_p0015_phase2n_batch_summary.csv",
  "summary_path": "artifacts/proof_audit/lower_corridor/phase2n_probes/phase2n_collar_012b1_d00_p0015_phase2n_batch_summary.json",
  "theorem_ready_count": 0
}
