
================================================================================
COLLAR 012: [0.9660001, 0.9665002], mid=0.96625015, partial=False
================================================================================
[seed] collar 012 uses seed: artifacts/proof_audit/lower_corridor/phase2n_probes/phase2n_collar_011_N1024_os16_sg0p0001.json

$ /pscratch/sd/s/suryact/phase2k_venv/bin/python scripts/audit/run_lower_anchor_phase2n_batch.py --segment-id phase2n_collar_012 --K-lo 0.9660001 --K-hi 0.9665002 --K-mid 0.96625015 --N-values 1024 --oversample-factors 16 --sigma-caps 0.0001 --timeout-seconds 1200.0 --skip-existing --seed-json artifacts/proof_audit/lower_corridor/phase2n_probes/phase2n_collar_011_N1024_os16_sg0p0001.json

{
  "attempt_count": 1,
  "best": {
    "K_mid": 0.96625015,
    "N": 1024,
    "elapsed_seconds": 26.020880699157715,
    "failure_reasons": [
      "analytic_radii_margin_not_safely_positive"
    ],
    "finite_radii_margin": 2.749637714762116e-07,
    "linear_Z": 0.1723827983828341,
    "oversample_factor": 16,
    "path": "artifacts/proof_audit/lower_corridor/phase2n_probes/phase2n_collar_012_N1024_os16_sg0p0001.json",
    "radii_margin": -2.427515022367488e-05,
    "radius_r": 3.3223584910364384e-07,
    "residual_Y": 3.1437558223165644e-08,
    "segment_id": "phase2n_collar_012",
    "sigma_cap": 0.0001,
    "sigma_used": 0.0001,
    "source_theorem_margin": -2.771915642719644e-05,
    "status": "phase2n-diagnostic-single-N",
    "tail_T": 2.4518675769163776e-05,
    "theorem_ready": false
  },
  "best_candidate_path": "artifacts/proof_audit/lower_corridor/phase2n_probes/phase2n_collar_012_best_single_segment_candidate.json",
  "csv_path": "tables/proof_audit/lower_corridor/phase2n_probes/phase2n_collar_012_phase2n_batch_summary.csv",
  "summary_path": "artifacts/proof_audit/lower_corridor/phase2n_probes/phase2n_collar_012_phase2n_batch_summary.json",
  "theorem_ready_count": 0
}

$ /pscratch/sd/s/suryact/phase2k_venv/bin/python scripts/audit/run_lower_anchor_phase2o_radius_tail_scan.py --input artifacts/proof_audit/lower_corridor/phase2n_probes/phase2n_collar_012_phase2n_batch_summary.json --out artifacts/proof_audit/lower_corridor/phase2o_tail_radius/phase2o_collar_012_tail_radius_scan.json --csv tables/proof_audit/lower_corridor/phase2o_tail_radius/phase2o_collar_012_tail_radius_scan.csv --candidate-out artifacts/proof_audit/lower_corridor/phase2o_tail_radius/phase2o_collar_012_tail_radius_candidate.json --radius-multipliers 1.0,1.02,1.05,1.25,1.5,1.75,2.0,2.25,2.5,2.75,3.0,3.5,4.0,5.0,6.0 --sigma-values 0.0001,0.00001,0.000005,0.0000025,0.000001 --tail-band-fractions 0.5,0.65,0.75,0.85 --tail-safety-factors 2,4,8,16

{
  "status": "phase2o-diagnostic-tail-radius-not-closed",
  "theorem_ready_count": 0,
  "theorem_eligible_count": 20,
  "diagnostic_ready_count": 0,
  "best_theorem_eligible": {
    "model_name": "strict_sigma_override_sg1.000e-06",
    "tail_model": "strict_cauchy_tail_sigma_override",
    "radii_margin": -1.7431609462086307e-05,
    "sigma": 1e-06,
    "radius_multiplier": 1.0,
    "tail_T": 1.7683404487180685e-05,
    "allowable_tail_max": 2.517960250943765e-07,
    "finite_contraction_q": 0.3447655967656682,
    "failure_reasons": [
      "analytic_radii_margin_not_safely_positive"
    ]
  },
  "best_diagnostic": {
    "model_name": "diag_highmode_sg1.000e-04_b0.85_sf2",
    "tail_model": "diagnostic_high_mode_envelope_tail",
    "radii_margin": -0.0903507618118391,
    "sigma": 0.0001,
    "tail_T": 0.09035100533738459,
    "allowable_tail_max": 2.4352654548889505e-07,
    "failure_reasons": [
      "diagnostic_margin_not_positive"
    ]
  },
  "conclusion": {
    "closed": false,
    "recommended_next_step": "inspect_best_diagnostic_tail_rows_then_implement_a_sharper_tail_lemma_or_change_the_lower_norm",
    "message": "No theorem-eligible tail/radius row closed.  The report identifies whether radius inflation is blocked by finite contraction and whether diagnostic tail models would close.",
    "best_eligible_margin": -1.7431609462086307e-05,
    "best_eligible_tail_T": 1.7683404487180685e-05,
    "best_eligible_allowable_tail_max": 2.517960250943765e-07,
    "radius_inflation_blocked_by_finite_contraction": true,
    "source_samples": {
      "source_validation_present": true,
      "has_u": true,
      "N_from_u": 1024,
      "lambda_value": -5.942314955824981e-19
    }
  }
}
wrote report: artifacts/proof_audit/lower_corridor/phase2o_tail_radius/phase2o_collar_012_tail_radius_scan.json
wrote csv: tables/proof_audit/lower_corridor/phase2o_tail_radius/phase2o_collar_012_tail_radius_scan.csv
wrote candidate: artifacts/proof_audit/lower_corridor/phase2o_tail_radius/phase2o_collar_012_tail_radius_candidate.json

$ /pscratch/sd/s/suryact/phase2k_venv/bin/python scripts/audit/run_lower_anchor_phase2p_modewise_tail_scan.py --input artifacts/proof_audit/lower_corridor/phase2o_tail_radius/phase2o_collar_012_tail_radius_candidate.json --out artifacts/proof_audit/lower_corridor/phase2p_modewise_tail/phase2p_collar_012_modewise_tail_scan.json --csv tables/proof_audit/lower_corridor/phase2p_modewise_tail/phase2p_collar_012_modewise_tail_scan.csv --candidate-out artifacts/proof_audit/lower_corridor/phase2p_modewise_tail/phase2p_collar_012_modewise_tail_candidate.json --sigma-values 0.0001,0.000075,0.00005,0.000025,0.00001,0.000005,0.0000025,0.000001 --tail-cutoffs 1024,2048,4096,8192,16384 --oversample-factors 16

{
  "status": "phase2p-diagnostic-modewise-tail-not-closed",
  "theorem_ready_count": 0,
  "theorem_eligible_count": 800,
  "best_theorem_eligible": {
    "model_name": "strict_modewise_tail_from_strict_source_tail_radius_x3_sg1.000e-06_os16_cut2048",
    "tail_model": "strict_modewise_geometric_tail_response",
    "theorem_ready": false,
    "sigma": 1e-06,
    "tail_cutoff": 2048,
    "radii_margin": -8.802472738458641e-09,
    "tail_T": 4.668952304562231e-07,
    "allowable_tail_max": 4.5809375771776457e-07,
    "tail_response_bound": 3.465798544313232e-07,
    "nonlinear_guard": 1.2031537602489993e-07,
    "failure_reasons": [
      "finite_contraction_q_not_below_one",
      "analytic_radii_margin_not_safely_positive"
    ]
  },
  "conclusion": {
    "closed": false,
    "recommended_next_step": "if_modewise_tail_fails_change_the_lower_norm_or_recompute_a_better_finite_inverse",
    "message": "No theorem-eligible modewise tail row closed.",
    "best_eligible_margin": -8.802472738458641e-09,
    "best_eligible_tail_T": 4.668952304562231e-07,
    "best_eligible_allowable_tail_max": 4.5809375771776457e-07
  }
}
wrote report: artifacts/proof_audit/lower_corridor/phase2p_modewise_tail/phase2p_collar_012_modewise_tail_scan.json
wrote csv: tables/proof_audit/lower_corridor/phase2p_modewise_tail/phase2p_collar_012_modewise_tail_scan.csv
wrote candidate: artifacts/proof_audit/lower_corridor/phase2p_modewise_tail/phase2p_collar_012_modewise_tail_candidate.json

Phase 2R failed: Phase 2P candidate for collar 012 is not theorem-ready: {
  "theorem_facing": false,
  "promotion_allowed": false,
  "closure_level": "phase2p_modewise_tail_not_closed",
  "failure_fields": [
    "phase2p_modewise_tail_not_theorem_ready"
  ],
  "selected_phase2p_row": {
    "theorem_ready": false,
    "radii_margin": -8.802472738458641e-09,
    "tail_T": 4.668952304562231e-07,
    "allowable_tail_max": 4.5809375771776457e-07,
    "failure_reasons": [
      "finite_contraction_q_not_below_one",
      "analytic_radii_margin_not_safely_positive"
    ]
  }
}
