{
  "attempt_count": 1,
  "best": {
    "K_mid": 0.96637515,
    "N": 1024,
    "elapsed_seconds": 15.07144808769226,
    "failure_reasons": [
      "analytic_radii_margin_not_safely_positive"
    ],
    "finite_radii_margin": 4.627946023497375e-07,
    "linear_Z": 0.4332559180585107,
    "oversample_factor": 16,
    "path": "artifacts/proof_audit/lower_corridor/phase2n_probes/phase2n_collar_012b_N1024_os16_sg0p0001.json",
    "radii_margin": -2.5154723457106403e-05,
    "radius_r": 8.172140708383989e-07,
    "residual_Y": 3.374967352247366e-08,
    "segment_id": "phase2n_collar_012b",
    "sigma_cap": 0.0001,
    "sigma_used": 0.0001,
    "source_theorem_margin": -2.880958340381558e-05,
    "status": "phase2n-diagnostic-single-N",
    "tail_T": 2.5584124021910906e-05,
    "theorem_ready": false
  },
  "best_candidate_path": "artifacts/proof_audit/lower_corridor/phase2n_probes/phase2n_collar_012b_best_single_segment_candidate.json",
  "csv_path": "tables/proof_audit/lower_corridor/phase2n_probes/phase2n_collar_012b_phase2n_batch_summary.csv",
  "summary_path": "artifacts/proof_audit/lower_corridor/phase2n_probes/phase2n_collar_012b_phase2n_batch_summary.json",
  "theorem_ready_count": 0
}
