{
  "attempt_count": 1,
  "best": {
    "K_mid": 0.966355653125,
    "N": 1024,
    "elapsed_seconds": 9.335299253463745,
    "failure_reasons": [
      "analytic_radii_margin_not_safely_positive"
    ],
    "finite_radii_margin": 7.796076954790182e-08,
    "linear_Z": 0.04304328257910231,
    "oversample_factor": 16,
    "path": "artifacts/proof_audit/lower_corridor/phase2n_probes/phase2n_collar_012b1_d00_p0013_N1024_os16_sg0p0001.json",
    "radii_margin": -2.5427273056650406e-05,
    "radius_r": 8.14674787230644e-08,
    "residual_Y": 3.33788245563431e-08,
    "segment_id": "phase2n_collar_012b1_d00_p0013",
    "sigma_cap": 0.0001,
    "sigma_used": 0.0001,
    "source_theorem_margin": -2.913661323550466e-05,
    "status": "phase2n-diagnostic-single-N",
    "tail_T": 2.5471854083109443e-05,
    "theorem_ready": false
  },
  "best_candidate_path": "artifacts/proof_audit/lower_corridor/phase2n_probes/phase2n_collar_012b1_d00_p0013_best_single_segment_candidate.json",
  "csv_path": "tables/proof_audit/lower_corridor/phase2n_probes/phase2n_collar_012b1_d00_p0013_phase2n_batch_summary.csv",
  "summary_path": "artifacts/proof_audit/lower_corridor/phase2n_probes/phase2n_collar_012b1_d00_p0013_phase2n_batch_summary.json",
  "theorem_ready_count": 0
}
