
$ /pscratch/sd/s/suryact/phase2k_venv/bin/python scripts/audit/run_lower_anchor_phase2p_modewise_tail_scan.py --input artifacts/proof_audit/lower_corridor/phase2o_tail_radius/phase2o_collar_006_tail_radius_candidate.json --out artifacts/proof_audit/lower_corridor/phase2p_modewise_tail/phase2p_collar_006_modewise_tail_scan.json --csv tables/proof_audit/lower_corridor/phase2p_modewise_tail/phase2p_collar_006_modewise_tail_scan.csv --candidate-out artifacts/proof_audit/lower_corridor/phase2p_modewise_tail/phase2p_collar_006_modewise_tail_candidate.json --sigma-values 0.0001,0.000075,0.00005,0.000025,0.00001,0.000005,0.0000025,0.000001 --tail-cutoffs 1024,2048,4096,8192,16384 --oversample-factors 16
{
  "status": "phase2p-theorem-ready-modewise-tail-closure",
  "theorem_ready_count": 40,
  "theorem_eligible_count": 40,
  "best_theorem_eligible": {
    "model_name": "strict_modewise_tail_sg1.000e-06_os16_cut2048",
    "tail_model": "strict_modewise_geometric_tail_response",
    "theorem_ready": true,
    "sigma": 1e-06,
    "tail_cutoff": 2048,
    "radii_margin": 3.805550234384597e-07,
    "tail_T": 2.784752378299595e-07,
    "allowable_tail_max": 6.590312612684192e-07,
    "tail_response_bound": 1.1269482642778262e-07,
    "nonlinear_guard": 1.6578041140217688e-07,
    "failure_reasons": []
  },
  "conclusion": {
    "closed": true,
    "recommended_next_step": "export_phase2p_candidate_and_merge_collar_000_then_propagate_phase2p_to_the_next_collar_segment",
    "message": "A theorem-eligible modewise tail row has positive outward-rounded margin.",
    "best_ready_margin": 3.805550234384597e-07,
    "best_ready_tail_T": 2.784752378299595e-07,
    "best_ready_allowable_tail_max": 6.590312612684192e-07
  }
}
wrote report: artifacts/proof_audit/lower_corridor/phase2p_modewise_tail/phase2p_collar_006_modewise_tail_scan.json
wrote csv: tables/proof_audit/lower_corridor/phase2p_modewise_tail/phase2p_collar_006_modewise_tail_scan.csv
wrote candidate: artifacts/proof_audit/lower_corridor/phase2p_modewise_tail/phase2p_collar_006_modewise_tail_candidate.json
