{
  "attempt_count": 1,
  "best": {
    "K_mid": 0.966330292187,
    "N": 1024,
    "elapsed_seconds": 10.331365823745728,
    "failure_reasons": [
      "analytic_radii_margin_not_safely_positive"
    ],
    "finite_radii_margin": 4.7482260749799496e-07,
    "linear_Z": 0.48482632422053634,
    "oversample_factor": 16,
    "path": "artifacts/proof_audit/lower_corridor/phase2n_probes/phase2n_collar_012b1_d00_p0010_d01_p0000_N1024_os16_sg0p0001.json",
    "radii_margin": -2.505229697582374e-05,
    "radius_r": 9.216892042907924e-07,
    "residual_Y": 3.290203232931198e-08,
    "segment_id": "phase2n_collar_012b1_d00_p0010_d01_p0000",
    "sigma_cap": 0.0001,
    "sigma_used": 0.0001,
    "source_theorem_margin": -2.8609329651654667e-05,
    "status": "phase2n-diagnostic-single-N",
    "tail_T": 2.5494223958795167e-05,
    "theorem_ready": false
  },
  "best_candidate_path": "artifacts/proof_audit/lower_corridor/phase2n_probes/phase2n_collar_012b1_d00_p0010_d01_p0000_best_single_segment_candidate.json",
  "csv_path": "tables/proof_audit/lower_corridor/phase2n_probes/phase2n_collar_012b1_d00_p0010_d01_p0000_phase2n_batch_summary.csv",
  "summary_path": "artifacts/proof_audit/lower_corridor/phase2n_probes/phase2n_collar_012b1_d00_p0010_d01_p0000_phase2n_batch_summary.json",
  "theorem_ready_count": 0
}
