{
  "attempt_count": 1,
  "best": {
    "K_mid": 0.966314654687,
    "N": 1024,
    "elapsed_seconds": 10.417719602584839,
    "failure_reasons": [
      "analytic_radii_margin_not_safely_positive"
    ],
    "finite_radii_margin": 4.7309629005810223e-07,
    "linear_Z": 0.4574096479706618,
    "oversample_factor": 16,
    "path": "artifacts/proof_audit/lower_corridor/phase2n_probes/phase2n_collar_012b1_d00_p0008_d01_p0000_N1024_os16_sg0p0001.json",
    "radii_margin": -2.5160382864707507e-05,
    "radius_r": 8.719239520739926e-07,
    "residual_Y": 3.2610881990088334e-08,
    "segment_id": "phase2n_collar_012b1_d00_p0008_d01_p0000",
    "sigma_cap": 0.0001,
    "sigma_used": 0.0001,
    "source_theorem_margin": -2.868547157084652e-05,
    "status": "phase2n-diagnostic-single-N",
    "tail_T": 2.560086850681606e-05,
    "theorem_ready": false
  },
  "best_candidate_path": "artifacts/proof_audit/lower_corridor/phase2n_probes/phase2n_collar_012b1_d00_p0008_d01_p0000_best_single_segment_candidate.json",
  "csv_path": "tables/proof_audit/lower_corridor/phase2n_probes/phase2n_collar_012b1_d00_p0008_d01_p0000_phase2n_batch_summary.csv",
  "summary_path": "artifacts/proof_audit/lower_corridor/phase2n_probes/phase2n_collar_012b1_d00_p0008_d01_p0000_phase2n_batch_summary.json",
  "theorem_ready_count": 0
}
