{
  "attempt_count": 1,
  "best": {
    "K_mid": 0.966338110937,
    "N": 1024,
    "elapsed_seconds": 10.466653108596802,
    "failure_reasons": [
      "analytic_radii_margin_not_safely_positive"
    ],
    "finite_radii_margin": 4.721852684125785e-07,
    "linear_Z": 0.4643457785172248,
    "oversample_factor": 16,
    "path": "artifacts/proof_audit/lower_corridor/phase2n_probes/phase2n_collar_012b1_d00_p0011_d01_p0000_N1024_os16_sg0p0001.json",
    "radii_margin": -2.558239834880996e-05,
    "radius_r": 8.815559476315162e-07,
    "residual_Y": 3.3047980290501456e-08,
    "segment_id": "phase2n_collar_012b1_d00_p0011_d01_p0000",
    "sigma_cap": 0.0001,
    "sigma_used": 0.0001,
    "source_theorem_margin": -2.9156396955482733e-05,
    "status": "phase2n-diagnostic-single-N",
    "tail_T": 2.6021558533341526e-05,
    "theorem_ready": false
  },
  "best_candidate_path": "artifacts/proof_audit/lower_corridor/phase2n_probes/phase2n_collar_012b1_d00_p0011_d01_p0000_best_single_segment_candidate.json",
  "csv_path": "tables/proof_audit/lower_corridor/phase2n_probes/phase2n_collar_012b1_d00_p0011_d01_p0000_phase2n_batch_summary.csv",
  "summary_path": "artifacts/proof_audit/lower_corridor/phase2n_probes/phase2n_collar_012b1_d00_p0011_d01_p0000_phase2n_batch_summary.json",
  "theorem_ready_count": 0
}
