{
  "attempt_count": 1,
  "best": {
    "K_mid": 0.966308740625,
    "N": 1024,
    "elapsed_seconds": 9.092503309249878,
    "failure_reasons": [
      "analytic_radii_margin_not_safely_positive"
    ],
    "finite_radii_margin": 4.7473319950543724e-07,
    "linear_Z": 0.4652274514010288,
    "oversample_factor": 16,
    "path": "artifacts/proof_audit/lower_corridor/phase2n_probes/phase2n_collar_012b1_d00_p0007_N1024_os16_sg0p0001.json",
    "radii_margin": -2.486323865889903e-05,
    "radius_r": 8.877308464692517e-07,
    "residual_Y": 3.250166341733644e-08,
    "segment_id": "phase2n_collar_012b1_d00_p0007",
    "sigma_cap": 0.0001,
    "sigma_used": 0.0001,
    "source_theorem_margin": -2.8375747532316814e-05,
    "status": "phase2n-diagnostic-single-N",
    "tail_T": 2.5305470082717976e-05,
    "theorem_ready": false
  },
  "best_candidate_path": "artifacts/proof_audit/lower_corridor/phase2n_probes/phase2n_collar_012b1_d00_p0007_best_single_segment_candidate.json",
  "csv_path": "tables/proof_audit/lower_corridor/phase2n_probes/phase2n_collar_012b1_d00_p0007_phase2n_batch_summary.csv",
  "summary_path": "artifacts/proof_audit/lower_corridor/phase2n_probes/phase2n_collar_012b1_d00_p0007_phase2n_batch_summary.json",
  "theorem_ready_count": 0
}
