{
  "attempt_count": 1,
  "best": {
    "K_mid": 0.96075015,
    "N": 1024,
    "elapsed_seconds": 15.482936143875122,
    "failure_reasons": [
      "analytic_radii_margin_not_safely_positive"
    ],
    "finite_radii_margin": 4.6951499292340877e-07,
    "linear_Z": 0.18453556835447157,
    "oversample_factor": 16,
    "path": "artifacts/proof_audit/lower_corridor/phase2n_probes/phase2n_collar_001_N1024_os16_sg0p0001.json",
    "radii_margin": -2.5683665431687503e-06,
    "radius_r": 5.757646200958046e-07,
    "residual_Y": 1.299129655002956e-09,
    "segment_id": "phase2n_collar_001",
    "sigma_cap": 0.0001,
    "sigma_used": 0.0001,
    "source_theorem_margin": -2.597849190776831e-06,
    "status": "phase2n-diagnostic-single-N",
    "tail_T": 3.0365819822017763e-06,
    "theorem_ready": false
  },
  "best_candidate_path": "artifacts/proof_audit/lower_corridor/phase2n_probes/phase2n_collar_001_best_single_segment_candidate.json",
  "csv_path": "tables/proof_audit/lower_corridor/phase2n_probes/phase2n_collar_001_phase2n_batch_summary.csv",
  "summary_path": "artifacts/proof_audit/lower_corridor/phase2n_probes/phase2n_collar_001_phase2n_batch_summary.json",
  "theorem_ready_count": 0
}
