{
  "attempt_count": 1,
  "best": {
    "K_mid": 0.96631265,
    "N": 1024,
    "elapsed_seconds": 13.428375720977783,
    "failure_reasons": [
      "analytic_radii_margin_not_safely_positive"
    ],
    "finite_radii_margin": 4.680065782103682e-07,
    "linear_Z": 0.43240635026509056,
    "oversample_factor": 16,
    "path": "artifacts/proof_audit/lower_corridor/phase2n_probes/phase2n_collar_012b1_N1024_os16_sg0p0001.json",
    "radii_margin": -2.515580910462235e-05,
    "radius_r": 8.245471833886575e-07,
    "residual_Y": 3.257413083706124e-08,
    "segment_id": "phase2n_collar_012b1",
    "sigma_cap": 0.0001,
    "sigma_used": 0.0001,
    "source_theorem_margin": -2.867804009001354e-05,
    "status": "phase2n-diagnostic-single-N",
    "tail_T": 2.55912417189835e-05,
    "theorem_ready": false
  },
  "best_candidate_path": "artifacts/proof_audit/lower_corridor/phase2n_probes/phase2n_collar_012b1_best_single_segment_candidate.json",
  "csv_path": "tables/proof_audit/lower_corridor/phase2n_probes/phase2n_collar_012b1_phase2n_batch_summary.csv",
  "summary_path": "artifacts/proof_audit/lower_corridor/phase2n_probes/phase2n_collar_012b1_phase2n_batch_summary.json",
  "theorem_ready_count": 0
}
