
$ /pscratch/sd/s/suryact/phase2k_venv/bin/python scripts/audit/run_lower_anchor_phase2q_chain_assembler.py --candidate artifacts/proof_audit/lower_corridor/phase2p_modewise_tail/phase2p_collar_000_FULL_THEOREM_READY_candidate.json --candidate artifacts/proof_audit/lower_corridor/phase2p_modewise_tail/phase2p_collar_001_THEOREM_READY_candidate.json --candidate artifacts/proof_audit/lower_corridor/phase2p_modewise_tail/phase2p_collar_002_THEOREM_READY_candidate.json --candidate artifacts/proof_audit/lower_corridor/phase2p_modewise_tail/phase2p_collar_003_THEOREM_READY_candidate.json --candidate artifacts/proof_audit/lower_corridor/phase2p_modewise_tail/phase2p_collar_004_THEOREM_READY_candidate.json --candidate artifacts/proof_audit/lower_corridor/phase2p_modewise_tail/phase2p_collar_005_THEOREM_READY_candidate.json --expected-start 0.9600001 --expected-end 0.9630002 --expected-regime-i-hi 0.9600001 --overlap-tolerance 1e-10 --out artifacts/proof_audit/lower_corridor/phase2q_chain/phase2q_collar_000_005_chain_audit.json --csv tables/proof_audit/lower_corridor/phase2q_chain/phase2q_collar_000_005_chain_segments.csv --candidate-out artifacts/proof_audit/lower_corridor/phase2q_chain/phase2q_collar_000_005_chain_candidate.json
{
  "status": "phase2q-chain-theorem-ready",
  "theorem_facing": true,
  "promotion_allowed": true,
  "closure_level": "phase2q_collar_chain_closure",
  "segment_count": 6,
  "covered_K_lo": 0.9600001,
  "covered_K_hi": 0.9630002,
  "min_segment_margin": 3.0994989431743516e-07,
  "min_tail_slack": 3.099508943174351e-07,
  "min_overlap": 9.999999994736442e-08,
  "final_anchor_reached": true,
  "expected_start_satisfied": true,
  "expected_end_satisfied": true,
  "regime_i_handoff_satisfied": true,
  "failure_fields": []
}
wrote report: artifacts/proof_audit/lower_corridor/phase2q_chain/phase2q_collar_000_005_chain_audit.json
wrote csv: tables/proof_audit/lower_corridor/phase2q_chain/phase2q_collar_000_005_chain_segments.csv
wrote candidate: artifacts/proof_audit/lower_corridor/phase2q_chain/phase2q_collar_000_005_chain_candidate.json
