{
  "attempt_count": 1,
  "best": {
    "K_mid": 0.966326282812,
    "N": 1024,
    "elapsed_seconds": 10.32884931564331,
    "failure_reasons": [
      "analytic_radii_margin_not_safely_positive"
    ],
    "finite_radii_margin": 4.714956770068163e-07,
    "linear_Z": 0.45358516588923403,
    "oversample_factor": 16,
    "path": "artifacts/proof_audit/lower_corridor/phase2n_probes/phase2n_collar_012b1_d00_p0009_d01_p0001_N1024_os16_sg0p0001.json",
    "radii_margin": -2.480120239305002e-05,
    "radius_r": 8.628971369992442e-07,
    "residual_Y": 3.282710726550435e-08,
    "segment_id": "phase2n_collar_012b1_d00_p0009_d01_p0001",
    "sigma_cap": 0.0001,
    "sigma_used": 0.0001,
    "source_theorem_margin": -2.8350738080752747e-05,
    "status": "phase2n-diagnostic-single-N",
    "tail_T": 2.5239874081752616e-05,
    "theorem_ready": false
  },
  "best_candidate_path": "artifacts/proof_audit/lower_corridor/phase2n_probes/phase2n_collar_012b1_d00_p0009_d01_p0001_best_single_segment_candidate.json",
  "csv_path": "tables/proof_audit/lower_corridor/phase2n_probes/phase2n_collar_012b1_d00_p0009_d01_p0001_phase2n_batch_summary.csv",
  "summary_path": "artifacts/proof_audit/lower_corridor/phase2n_probes/phase2n_collar_012b1_d00_p0009_d01_p0001_phase2n_batch_summary.json",
  "theorem_ready_count": 0
}
