{
  "attempt_count": 1,
  "best": {
    "K_mid": 0.966285284375,
    "N": 1024,
    "elapsed_seconds": 9.635950088500977,
    "failure_reasons": [
      "analytic_radii_margin_not_safely_positive"
    ],
    "finite_radii_margin": 3.7001872836499244e-07,
    "linear_Z": 0.2615366859610172,
    "oversample_factor": 16,
    "path": "artifacts/proof_audit/lower_corridor/phase2n_probes/phase2n_collar_012b1_d00_p0004_N1024_os16_sg0p0001.json",
    "radii_margin": -2.4552371876268746e-05,
    "radius_r": 5.01066501743594e-07,
    "residual_Y": 3.2071367740630856e-08,
    "segment_id": "phase2n_collar_012b1_d00_p0004",
    "sigma_cap": 0.0001,
    "sigma_used": 0.0001,
    "source_theorem_margin": -2.8043180294698874e-05,
    "status": "phase2n-diagnostic-single-N",
    "tail_T": 2.489031873795961e-05,
    "theorem_ready": false
  },
  "best_candidate_path": "artifacts/proof_audit/lower_corridor/phase2n_probes/phase2n_collar_012b1_d00_p0004_best_single_segment_candidate.json",
  "csv_path": "tables/proof_audit/lower_corridor/phase2n_probes/phase2n_collar_012b1_d00_p0004_phase2n_batch_summary.csv",
  "summary_path": "artifacts/proof_audit/lower_corridor/phase2n_probes/phase2n_collar_012b1_d00_p0004_phase2n_batch_summary.json",
  "theorem_ready_count": 0
}
