{
  "attempt_count": 1,
  "best": {
    "K_mid": 0.966316559375,
    "N": 1024,
    "elapsed_seconds": 9.48351788520813,
    "failure_reasons": [
      "analytic_radii_margin_not_safely_positive"
    ],
    "finite_radii_margin": 4.737206021088409e-07,
    "linear_Z": 0.4625222141869565,
    "oversample_factor": 16,
    "path": "artifacts/proof_audit/lower_corridor/phase2n_probes/phase2n_collar_012b1_d00_p0008_N1024_os16_sg0p0001.json",
    "radii_margin": -2.521054719310323e-05,
    "radius_r": 8.813798423516784e-07,
    "residual_Y": 3.264599627994109e-08,
    "segment_id": "phase2n_collar_012b1_d00_p0008",
    "sigma_cap": 0.0001,
    "sigma_used": 0.0001,
    "source_theorem_margin": -2.8739408378928513e-05,
    "status": "phase2n-diagnostic-single-N",
    "tail_T": 2.565162228295072e-05,
    "theorem_ready": false
  },
  "best_candidate_path": "artifacts/proof_audit/lower_corridor/phase2n_probes/phase2n_collar_012b1_d00_p0008_best_single_segment_candidate.json",
  "csv_path": "tables/proof_audit/lower_corridor/phase2n_probes/phase2n_collar_012b1_d00_p0008_phase2n_batch_summary.csv",
  "summary_path": "artifacts/proof_audit/lower_corridor/phase2n_probes/phase2n_collar_012b1_d00_p0008_phase2n_batch_summary.json",
  "theorem_ready_count": 0
}
