
$ /pscratch/sd/s/suryact/phase2k_venv/bin/python scripts/audit/run_lower_anchor_phase2n_batch.py --segment-id phase2n_collar_011 --K-lo 0.9655001 --K-hi 0.9660002 --K-mid 0.96575015 --N-values 1024 --oversample-factors 16 --sigma-caps 0.0001 --timeout-seconds 1200.0 --skip-existing --seed-json artifacts/proof_audit/lower_corridor/phase2n_probes/phase2n_collar_010_N1024_os16_sg0p0001.json
{
  "attempt_count": 1,
  "best": {
    "K_mid": 0.96575015,
    "N": 1024,
    "elapsed_seconds": 13.853265285491943,
    "failure_reasons": [
      "analytic_radii_margin_not_safely_positive"
    ],
    "finite_radii_margin": 1.4501367634142637e-07,
    "linear_Z": 0.07529375616751424,
    "oversample_factor": 16,
    "path": "artifacts/proof_audit/lower_corridor/phase2n_probes/phase2n_collar_011_N1024_os16_sg0p0001.json",
    "radii_margin": -2.1684968323585304e-05,
    "radius_r": 1.5682151399986676e-07,
    "residual_Y": 2.3641956044989655e-08,
    "segment_id": "phase2n_collar_011",
    "sigma_cap": 0.0001,
    "sigma_used": 0.0001,
    "source_theorem_margin": -2.4293126183028516e-05,
    "status": "phase2n-diagnostic-single-N",
    "tail_T": 2.1806339200703256e-05,
    "theorem_ready": false
  },
  "best_candidate_path": "artifacts/proof_audit/lower_corridor/phase2n_probes/phase2n_collar_011_best_single_segment_candidate.json",
  "csv_path": "tables/proof_audit/lower_corridor/phase2n_probes/phase2n_collar_011_phase2n_batch_summary.csv",
  "summary_path": "artifacts/proof_audit/lower_corridor/phase2n_probes/phase2n_collar_011_phase2n_batch_summary.json",
  "theorem_ready_count": 0
}

$ /pscratch/sd/s/suryact/phase2k_venv/bin/python scripts/audit/run_lower_anchor_phase2n_batch.py --segment-id phase2n_collar_011 --K-lo 0.9655001 --K-hi 0.9660002 --K-mid 0.96575015 --N-values 1024 --oversample-factors 16 --sigma-caps 0.0001 --timeout-seconds 1200.0 --skip-existing --seed-json artifacts/proof_audit/lower_corridor/phase2n_probes/phase2n_collar_010_N1024_os16_sg0p0001.json
{
  "attempt_count": 1,
  "best": {
    "K_mid": 0.96575015,
    "N": 1024,
    "elapsed_seconds": 13.853265285491943,
    "failure_reasons": [
      "analytic_radii_margin_not_safely_positive"
    ],
    "finite_radii_margin": 1.4501367634142637e-07,
    "linear_Z": 0.07529375616751424,
    "oversample_factor": 16,
    "path": "artifacts/proof_audit/lower_corridor/phase2n_probes/phase2n_collar_011_N1024_os16_sg0p0001.json",
    "radii_margin": -2.1684968323585304e-05,
    "radius_r": 1.5682151399986676e-07,
    "residual_Y": 2.3641956044989655e-08,
    "segment_id": "phase2n_collar_011",
    "sigma_cap": 0.0001,
    "sigma_used": 0.0001,
    "source_theorem_margin": -2.4293126183028516e-05,
    "status": "phase2n-diagnostic-single-N",
    "tail_T": 2.1806339200703256e-05,
    "theorem_ready": false
  },
  "best_candidate_path": "artifacts/proof_audit/lower_corridor/phase2n_probes/phase2n_collar_011_best_single_segment_candidate.json",
  "csv_path": "tables/proof_audit/lower_corridor/phase2n_probes/phase2n_collar_011_phase2n_batch_summary.csv",
  "summary_path": "artifacts/proof_audit/lower_corridor/phase2n_probes/phase2n_collar_011_phase2n_batch_summary.json",
  "theorem_ready_count": 0
}
