{
  "status": "phase2o-diagnostic-tail-radius-not-closed",
  "theorem_ready_count": 0,
  "theorem_eligible_count": 8,
  "diagnostic_ready_count": 0,
  "best_theorem_eligible": {
    "model_name": "strict_sigma_override_sg1.000e-06",
    "tail_model": "strict_cauchy_tail_sigma_override",
    "radii_margin": -1.131880708293106e-06,
    "sigma": 1e-06,
    "radius_multiplier": 1.0,
    "tail_T": 1.927220634177405e-06,
    "allowable_tail_max": 7.953409258842993e-07,
    "finite_contraction_q": 0.951937599767855,
    "failure_reasons": [
      "analytic_radii_margin_not_safely_positive"
    ]
  },
  "best_diagnostic": {
    "model_name": "diag_highmode_sg1.000e-04_b0.85_sf2",
    "tail_model": "diagnostic_high_mode_envelope_tail",
    "radii_margin": -0.0077396759095869835,
    "sigma": 0.0001,
    "tail_T": 0.007740470991183763,
    "allowable_tail_max": 7.950825967799325e-07,
    "failure_reasons": [
      "diagnostic_margin_not_positive"
    ]
  },
  "conclusion": {
    "closed": false,
    "recommended_next_step": "inspect_best_diagnostic_tail_rows_then_implement_a_sharper_tail_lemma_or_change_the_lower_norm",
    "message": "No theorem-eligible tail/radius row closed.  The report identifies whether radius inflation is blocked by finite contraction and whether diagnostic tail models would close.",
    "best_eligible_margin": -1.131880708293106e-06,
    "best_eligible_tail_T": 1.927220634177405e-06,
    "best_eligible_allowable_tail_max": 7.953409258842993e-07,
    "radius_inflation_blocked_by_finite_contraction": false,
    "source_samples": {
      "source_validation_present": true,
      "has_u": true,
      "N_from_u": 1024,
      "lambda_value": 4.046724339622209e-19
    }
  }
}
wrote report: artifacts/proof_audit/lower_corridor/phase2o_tail_radius/phase2o_collar_000_full_tail_radius_scan.json
wrote csv: tables/proof_audit/lower_corridor/phase2o_tail_radius/phase2o_collar_000_full_tail_radius_scan.csv
wrote candidate: artifacts/proof_audit/lower_corridor/phase2o_tail_radius/phase2o_collar_000_full_tail_radius_candidate.json
