
$ /pscratch/sd/s/suryact/code_runs/phase2k_repo/code_repository/.venv_phase2/bin/python scripts/audit/run_lower_anchor_phase2n_batch.py --segment-id phase2v_collar_012b1_v256_p0114 --K-lo 0.966305708594 --K-hi 0.966306397266 --K-mid 0.96630605293 --N-values 1024 --oversample-factors 16 --sigma-caps 0.0001 --timeout-seconds 900.0 --skip-existing --seed-json artifacts/proof_audit/lower_corridor/phase2n_probes/phase2n_collar_012a_N1024_os16_sg0p0001.json
{
  "attempt_count": 1,
  "best": {
    "K_mid": 0.96630605293,
    "N": 1024,
    "elapsed_seconds": 10.703055143356323,
    "failure_reasons": [
      "analytic_radii_margin_not_safely_positive"
    ],
    "finite_radii_margin": 4.6884414245152584e-07,
    "linear_Z": 0.433599507682078,
    "oversample_factor": 16,
    "path": "artifacts/proof_audit/lower_corridor/phase2n_probes/phase2v_collar_012b1_v256_p0114_N1024_os16_sg0p0001.json",
    "radii_margin": -2.4022919833517526e-05,
    "radius_r": 8.277622928877238e-07,
    "residual_Y": 3.245200791359036e-08,
    "segment_id": "phase2v_collar_012b1_v256_p0114",
    "sigma_cap": 0.0001,
    "sigma_used": 0.0001,
    "source_theorem_margin": -2.7531383389746224e-05,
    "status": "phase2n-diagnostic-single-N",
    "tail_T": 2.4459311795817756e-05,
    "theorem_ready": false
  },
  "best_candidate_path": "artifacts/proof_audit/lower_corridor/phase2n_probes/phase2v_collar_012b1_v256_p0114_best_single_segment_candidate.json",
  "csv_path": "tables/proof_audit/lower_corridor/phase2n_probes/phase2v_collar_012b1_v256_p0114_phase2n_batch_summary.csv",
  "summary_path": "artifacts/proof_audit/lower_corridor/phase2n_probes/phase2v_collar_012b1_v256_p0114_phase2n_batch_summary.json",
  "theorem_ready_count": 0
}

$ /pscratch/sd/s/suryact/code_runs/phase2k_repo/code_repository/.venv_phase2/bin/python scripts/audit/run_lower_anchor_phase2o_radius_tail_scan.py --input artifacts/proof_audit/lower_corridor/phase2n_probes/phase2v_collar_012b1_v256_p0114_phase2n_batch_summary.json --out artifacts/proof_audit/lower_corridor/phase2v_micro/collar_012b1_v256/phase2o/phase2v_collar_012b1_v256_p0114_tail_radius_scan.json --csv tables/proof_audit/lower_corridor/phase2v_micro/collar_012b1_v256/phase2o/phase2v_collar_012b1_v256_p0114_tail_radius_scan.csv --candidate-out artifacts/proof_audit/lower_corridor/phase2v_micro/collar_012b1_v256/phase2o/phase2v_collar_012b1_v256_p0114_tail_radius_candidate.json --radius-multipliers 1.0,1.04,1.06,1.08,1.1,1.12,1.14,1.16,1.18,1.2,1.22,1.25 --sigma-values 0.0000001 --tail-band-fractions 0.65,0.85 --tail-safety-factors 2,4
{
  "status": "phase2o-diagnostic-tail-radius-not-closed",
  "theorem_ready_count": 0,
  "theorem_eligible_count": 13,
  "diagnostic_ready_count": 0,
  "best_theorem_eligible": {
    "model_name": "strict_sigma_override_sg1.000e-07",
    "tail_model": "strict_cauchy_tail_sigma_override",
    "radii_margin": -1.7160153971976297e-05,
    "sigma": 1e-07,
    "radius_multiplier": 1.0,
    "tail_T": 1.760514735615817e-05,
    "allowable_tail_max": 4.449943841818724e-07,
    "finite_contraction_q": 0.867199015364156,
    "failure_reasons": [
      "analytic_radii_margin_not_safely_positive"
    ]
  },
  "best_diagnostic": {
    "model_name": "diag_highmode_sg1.000e-07_b0.85_sf2",
    "tail_model": "diagnostic_high_mode_envelope_tail",
    "radii_margin": -94.82403847353054,
    "sigma": 1e-07,
    "tail_T": 94.82403891852393,
    "allowable_tail_max": 4.449943841818724e-07,
    "failure_reasons": [
      "diagnostic_margin_not_positive"
    ]
  },
  "conclusion": {
    "closed": false,
    "recommended_next_step": "inspect_best_diagnostic_tail_rows_then_implement_a_sharper_tail_lemma_or_change_the_lower_norm",
    "message": "No theorem-eligible tail/radius row closed.  The report identifies whether radius inflation is blocked by finite contraction and whether diagnostic tail models would close.",
    "best_eligible_margin": -1.7160153971976297e-05,
    "best_eligible_tail_T": 1.760514735615817e-05,
    "best_eligible_allowable_tail_max": 4.449943841818724e-07,
    "radius_inflation_blocked_by_finite_contraction": true,
    "source_samples": {
      "source_validation_present": true,
      "has_u": true,
      "N_from_u": 1024,
      "lambda_value": 4.483281281265561e-19
    }
  }
}
wrote report: artifacts/proof_audit/lower_corridor/phase2v_micro/collar_012b1_v256/phase2o/phase2v_collar_012b1_v256_p0114_tail_radius_scan.json
wrote csv: tables/proof_audit/lower_corridor/phase2v_micro/collar_012b1_v256/phase2o/phase2v_collar_012b1_v256_p0114_tail_radius_scan.csv
wrote candidate: artifacts/proof_audit/lower_corridor/phase2v_micro/collar_012b1_v256/phase2o/phase2v_collar_012b1_v256_p0114_tail_radius_candidate.json

$ /pscratch/sd/s/suryact/code_runs/phase2k_repo/code_repository/.venv_phase2/bin/python scripts/audit/run_lower_anchor_phase2p_modewise_tail_scan.py --input artifacts/proof_audit/lower_corridor/phase2v_micro/collar_012b1_v256/phase2o/phase2v_collar_012b1_v256_p0114_tail_radius_candidate.json --out artifacts/proof_audit/lower_corridor/phase2v_micro/collar_012b1_v256/phase2p/phase2v_collar_012b1_v256_p0114_modewise_tail_scan.json --csv tables/proof_audit/lower_corridor/phase2v_micro/collar_012b1_v256/phase2p/phase2v_collar_012b1_v256_p0114_modewise_tail_scan.csv --candidate-out artifacts/proof_audit/lower_corridor/phase2v_micro/collar_012b1_v256/phase2p/phase2v_collar_012b1_v256_p0114_modewise_tail_candidate.json --sigma-values 0.0000001,0.00000025,0.0000005,0.000001 --tail-cutoffs 1024,1536,2048 --oversample-factors 16
{
  "status": "phase2p-diagnostic-modewise-tail-not-closed",
  "theorem_ready_count": 0,
  "theorem_eligible_count": 156,
  "best_theorem_eligible": {
    "model_name": "strict_modewise_tail_from_strict_source_tail_radius_x1_16_sg1.000e-07_os16_cut1536",
    "tail_model": "strict_modewise_geometric_tail_response",
    "theorem_ready": false,
    "sigma": 1e-07,
    "tail_cutoff": 1536,
    "radii_margin": -1.0838533943806521e-08,
    "tail_T": 4.6423205781738194e-07,
    "allowable_tail_max": 4.533945238735753e-07,
    "tail_response_bound": 3.4492098728157474e-07,
    "nonlinear_guard": 1.193110705358072e-07,
    "failure_reasons": [
      "finite_contraction_q_not_below_one",
      "analytic_radii_margin_not_safely_positive"
    ]
  },
  "conclusion": {
    "closed": false,
    "recommended_next_step": "if_modewise_tail_fails_change_the_lower_norm_or_recompute_a_better_finite_inverse",
    "message": "No theorem-eligible modewise tail row closed.",
    "best_eligible_margin": -1.0838533943806521e-08,
    "best_eligible_tail_T": 4.6423205781738194e-07,
    "best_eligible_allowable_tail_max": 4.533945238735753e-07
  }
}
wrote report: artifacts/proof_audit/lower_corridor/phase2v_micro/collar_012b1_v256/phase2p/phase2v_collar_012b1_v256_p0114_modewise_tail_scan.json
wrote csv: tables/proof_audit/lower_corridor/phase2v_micro/collar_012b1_v256/phase2p/phase2v_collar_012b1_v256_p0114_modewise_tail_scan.csv
wrote candidate: artifacts/proof_audit/lower_corridor/phase2v_micro/collar_012b1_v256/phase2p/phase2v_collar_012b1_v256_p0114_modewise_tail_candidate.json
