
$ /pscratch/sd/s/suryact/code_runs/phase2k_repo/code_repository/.venv_phase2/bin/python scripts/audit/run_lower_anchor_phase2n_batch.py --segment-id phase2v_collar_012b1_v256_p0231 --K-lo 0.966362883203 --K-hi 0.966363571875 --K-mid 0.966363227539 --N-values 1024 --oversample-factors 16 --sigma-caps 0.0001 --timeout-seconds 900.0 --skip-existing --seed-json artifacts/proof_audit/lower_corridor/phase2n_probes/phase2n_collar_012a_N1024_os16_sg0p0001.json
{
  "attempt_count": 1,
  "best": {
    "K_mid": 0.966363227539,
    "N": 1024,
    "elapsed_seconds": 10.481902360916138,
    "failure_reasons": [
      "analytic_radii_margin_not_safely_positive"
    ],
    "finite_radii_margin": 5.676351747647227e-07,
    "linear_Z": 0.4322479709797698,
    "oversample_factor": 16,
    "path": "artifacts/proof_audit/lower_corridor/phase2n_probes/phase2v_collar_012b1_v256_p0231_N1024_os16_sg0p0001.json",
    "radii_margin": -0.004838689429741604,
    "radius_r": 9.9980258672318e-07,
    "residual_Y": 2.2364421589233272e-05,
    "segment_id": "phase2v_collar_012b1_v256_p0231",
    "sigma_cap": 0.0001,
    "sigma_used": 0.0001,
    "source_theorem_margin": -0.007177258226070124,
    "status": "phase2n-diagnostic-single-N",
    "tail_T": 0.004816892647099602,
    "theorem_ready": false
  },
  "best_candidate_path": "artifacts/proof_audit/lower_corridor/phase2n_probes/phase2v_collar_012b1_v256_p0231_best_single_segment_candidate.json",
  "csv_path": "tables/proof_audit/lower_corridor/phase2n_probes/phase2v_collar_012b1_v256_p0231_phase2n_batch_summary.csv",
  "summary_path": "artifacts/proof_audit/lower_corridor/phase2n_probes/phase2v_collar_012b1_v256_p0231_phase2n_batch_summary.json",
  "theorem_ready_count": 0
}

$ /pscratch/sd/s/suryact/code_runs/phase2k_repo/code_repository/.venv_phase2/bin/python scripts/audit/run_lower_anchor_phase2o_radius_tail_scan.py --input artifacts/proof_audit/lower_corridor/phase2n_probes/phase2v_collar_012b1_v256_p0231_phase2n_batch_summary.json --out artifacts/proof_audit/lower_corridor/phase2v_micro/collar_012b1_v256/phase2o/phase2v_collar_012b1_v256_p0231_tail_radius_scan.json --csv tables/proof_audit/lower_corridor/phase2v_micro/collar_012b1_v256/phase2o/phase2v_collar_012b1_v256_p0231_tail_radius_scan.csv --candidate-out artifacts/proof_audit/lower_corridor/phase2v_micro/collar_012b1_v256/phase2o/phase2v_collar_012b1_v256_p0231_tail_radius_candidate.json --radius-multipliers 1.0,1.04,1.06,1.08,1.1,1.12,1.14,1.16,1.18,1.2,1.22,1.25 --sigma-values 0.0000001 --tail-band-fractions 0.65,0.85 --tail-safety-factors 2,4
{
  "status": "phase2o-diagnostic-tail-radius-not-closed",
  "theorem_ready_count": 0,
  "theorem_eligible_count": 13,
  "diagnostic_ready_count": 0,
  "best_theorem_eligible": {
    "model_name": "strict_sigma_override_sg1.000e-07",
    "tail_model": "strict_cauchy_tail_sigma_override",
    "radii_margin": -0.0034768882606004124,
    "sigma": 1e-07,
    "radius_multiplier": 1.0,
    "tail_T": 0.003460679098547867,
    "allowable_tail_max": -1.620916105254544e-05,
    "finite_contraction_q": 0.8644959419595396,
    "failure_reasons": [
      "analytic_radii_margin_not_safely_positive"
    ]
  },
  "best_diagnostic": {
    "model_name": "diag_highmode_sg1.000e-07_b0.85_sf2",
    "tail_model": "diagnostic_high_mode_envelope_tail",
    "radii_margin": -20235.536359771893,
    "sigma": 1e-07,
    "tail_T": 20235.536343562733,
    "allowable_tail_max": -1.620916105254544e-05,
    "failure_reasons": [
      "diagnostic_margin_not_positive"
    ]
  },
  "conclusion": {
    "closed": false,
    "recommended_next_step": "inspect_best_diagnostic_tail_rows_then_implement_a_sharper_tail_lemma_or_change_the_lower_norm",
    "message": "No theorem-eligible tail/radius row closed.  The report identifies whether radius inflation is blocked by finite contraction and whether diagnostic tail models would close.",
    "best_eligible_margin": -0.0034768882606004124,
    "best_eligible_tail_T": 0.003460679098547867,
    "best_eligible_allowable_tail_max": -1.620916105254544e-05,
    "radius_inflation_blocked_by_finite_contraction": true,
    "source_samples": {
      "source_validation_present": true,
      "has_u": true,
      "N_from_u": 1024,
      "lambda_value": -2.0366124048894605e-18
    }
  }
}
wrote report: artifacts/proof_audit/lower_corridor/phase2v_micro/collar_012b1_v256/phase2o/phase2v_collar_012b1_v256_p0231_tail_radius_scan.json
wrote csv: tables/proof_audit/lower_corridor/phase2v_micro/collar_012b1_v256/phase2o/phase2v_collar_012b1_v256_p0231_tail_radius_scan.csv
wrote candidate: artifacts/proof_audit/lower_corridor/phase2v_micro/collar_012b1_v256/phase2o/phase2v_collar_012b1_v256_p0231_tail_radius_candidate.json

$ /pscratch/sd/s/suryact/code_runs/phase2k_repo/code_repository/.venv_phase2/bin/python scripts/audit/run_lower_anchor_phase2p_modewise_tail_scan.py --input artifacts/proof_audit/lower_corridor/phase2v_micro/collar_012b1_v256/phase2o/phase2v_collar_012b1_v256_p0231_tail_radius_candidate.json --out artifacts/proof_audit/lower_corridor/phase2v_micro/collar_012b1_v256/phase2p/phase2v_collar_012b1_v256_p0231_modewise_tail_scan.json --csv tables/proof_audit/lower_corridor/phase2v_micro/collar_012b1_v256/phase2p/phase2v_collar_012b1_v256_p0231_modewise_tail_scan.csv --candidate-out artifacts/proof_audit/lower_corridor/phase2v_micro/collar_012b1_v256/phase2p/phase2v_collar_012b1_v256_p0231_modewise_tail_candidate.json --sigma-values 0.0000001,0.00000025,0.0000005,0.000001 --tail-cutoffs 1024,1536,2048 --oversample-factors 16
{
  "status": "phase2p-diagnostic-modewise-tail-not-closed",
  "theorem_ready_count": 0,
  "theorem_eligible_count": 156,
  "best_theorem_eligible": {
    "model_name": "strict_modewise_tail_from_strict_source_tail_radius_x1_16_sg1.000e-07_os16_cut1536",
    "tail_model": "strict_modewise_geometric_tail_response",
    "theorem_ready": false,
    "sigma": 1e-07,
    "tail_cutoff": 1536,
    "radii_margin": -8.461537828727671e-05,
    "tail_T": 6.841682923866805e-05,
    "allowable_tail_max": -1.619854804860866e-05,
    "tail_response_bound": 6.827226719399268e-05,
    "nonlinear_guard": 1.4456204467537486e-07,
    "failure_reasons": [
      "finite_contraction_q_not_below_one",
      "analytic_radii_margin_not_safely_positive"
    ]
  },
  "conclusion": {
    "closed": false,
    "recommended_next_step": "if_modewise_tail_fails_change_the_lower_norm_or_recompute_a_better_finite_inverse",
    "message": "No theorem-eligible modewise tail row closed.",
    "best_eligible_margin": -8.461537828727671e-05,
    "best_eligible_tail_T": 6.841682923866805e-05,
    "best_eligible_allowable_tail_max": -1.619854804860866e-05
  }
}
wrote report: artifacts/proof_audit/lower_corridor/phase2v_micro/collar_012b1_v256/phase2p/phase2v_collar_012b1_v256_p0231_modewise_tail_scan.json
wrote csv: tables/proof_audit/lower_corridor/phase2v_micro/collar_012b1_v256/phase2p/phase2v_collar_012b1_v256_p0231_modewise_tail_scan.csv
wrote candidate: artifacts/proof_audit/lower_corridor/phase2v_micro/collar_012b1_v256/phase2p/phase2v_collar_012b1_v256_p0231_modewise_tail_candidate.json
