================================================================================
Phase 2U fast microsegment closer: collar_012b1
target interval: [0.9662501, 0.9663752]
pieces: 64; selected range: [50, 51); workers: 1; profile: aggressive
================================================================================
[not-closed] piece 0050 phase2u_collar_012b1_p0050 margin=-7.145296701885662e-09 ready=False

Phase 2U complete.
{
  "status": "phase2u-incomplete",
  "closed_count": 0,
  "pending_count": 1,
  "summary_path": "artifacts/proof_audit/lower_corridor/phase2u_micro/collar_012b1/phase2u_collar_012b1_run_summary.json",
  "csv_path": "tables/proof_audit/lower_corridor/phase2u_micro/collar_012b1/phase2u_collar_012b1_pieces.csv",
  "assemble_report": {},
  "best_failed_rows": [
    {
      "path": "artifacts/proof_audit/lower_corridor/phase2u_micro/collar_012b1/phase2p/phase2u_collar_012b1_p0050_modewise_tail_candidate.json",
      "K_lo": 0.966347734375,
      "K_hi": 0.966349889062,
      "theorem_facing": false,
      "promotion_allowed": false,
      "closure_level": "phase2p_modewise_tail_not_closed",
      "failure_fields": [
        "phase2p_modewise_tail_not_theorem_ready"
      ],
      "theorem_ready": false,
      "model_name": "strict_modewise_tail_from_strict_source_tail_radius_x1_08_sg1.000e-07_os16_cut1536",
      "sigma": 1e-07,
      "radius_r": 9.396008656794255e-07,
      "radius_multiplier": null,
      "finite_contraction_q": 0.9916881979289979,
      "tail_cutoff": 1536,
      "radii_margin": -7.145296701885662e-09,
      "tail_T": 4.564126078723841e-07,
      "allowable_tail_max": 4.4926831117049843e-07,
      "tail_response_bound": 3.3804265081796426e-07,
      "nonlinear_guard": 1.1836995705441985e-07,
      "failure_reasons": [
        "analytic_radii_margin_not_safely_positive"
      ]
    }
  ]
}
