{
  "status": "phase2o-diagnostic-tail-radius-not-closed",
  "theorem_ready_count": 0,
  "theorem_eligible_count": 41,
  "diagnostic_ready_count": 0,
  "best_theorem_eligible": {
    "model_name": "strict_sigma_override_sg1.000e-07",
    "tail_model": "strict_cauchy_tail_sigma_override",
    "radii_margin": -1.7644448088543686e-05,
    "sigma": 1e-07,
    "radius_multiplier": 1.0,
    "tail_T": 1.809175608836976e-05,
    "allowable_tail_max": 4.4730899982607213e-07,
    "finite_contraction_q": 0.9599612663550667,
    "failure_reasons": [
      "analytic_radii_margin_not_safely_positive"
    ]
  },
  "best_diagnostic": {
    "model_name": "diag_highmode_sg1.000e-04_b0.85_sf2",
    "tail_model": "diagnostic_high_mode_envelope_tail",
    "radii_margin": -0.09385266887838303,
    "sigma": 0.0001,
    "tail_T": 0.0938531073108103,
    "allowable_tail_max": 4.3843342727618465e-07,
    "failure_reasons": [
      "diagnostic_margin_not_positive"
    ]
  },
  "conclusion": {
    "closed": false,
    "recommended_next_step": "inspect_best_diagnostic_tail_rows_then_implement_a_sharper_tail_lemma_or_change_the_lower_norm",
    "message": "No theorem-eligible tail/radius row closed.  The report identifies whether radius inflation is blocked by finite contraction and whether diagnostic tail models would close.",
    "best_eligible_margin": -1.7644448088543686e-05,
    "best_eligible_tail_T": 1.809175608836976e-05,
    "best_eligible_allowable_tail_max": 4.4730899982607213e-07,
    "radius_inflation_blocked_by_finite_contraction": true,
    "source_samples": {
      "source_validation_present": true,
      "has_u": true,
      "N_from_u": 1024,
      "lambda_value": -3.4857620614808e-19
    }
  }
}
wrote report: artifacts/proof_audit/lower_corridor/phase2o_tail_radius/phase2o_collar_012b1_d00_p0014_d01_p0000_tail_radius_scan.json
wrote csv: tables/proof_audit/lower_corridor/phase2o_tail_radius/phase2o_collar_012b1_d00_p0014_d01_p0000_tail_radius_scan.csv
wrote candidate: artifacts/proof_audit/lower_corridor/phase2o_tail_radius/phase2o_collar_012b1_d00_p0014_d01_p0000_tail_radius_candidate.json
