{
  "status": "phase2p-theorem-ready-modewise-tail-closure",
  "theorem_ready_count": 125,
  "theorem_eligible_count": 920,
  "best_theorem_eligible": {
    "model_name": "strict_modewise_tail_from_strict_sigma_override_sg1_000e_06_sg1.000e-06_os16_cut2048",
    "tail_model": "strict_modewise_geometric_tail_response",
    "theorem_ready": true,
    "sigma": 1e-06,
    "tail_cutoff": 2048,
    "radii_margin": 3.91355979042e-08,
    "tail_T": 4.280526401730642e-07,
    "allowable_tail_max": 4.671892380772643e-07,
    "tail_response_bound": 3.0586491279550417e-07,
    "nonlinear_guard": 1.2218772737756e-07,
    "failure_reasons": []
  },
  "conclusion": {
    "closed": true,
    "recommended_next_step": "export_phase2p_candidate_and_merge_collar_000_then_propagate_phase2p_to_the_next_collar_segment",
    "message": "A theorem-eligible modewise tail row has positive outward-rounded margin.",
    "best_ready_margin": 3.91355979042e-08,
    "best_ready_tail_T": 4.280526401730642e-07,
    "best_ready_allowable_tail_max": 4.671892380772643e-07
  }
}
wrote report: artifacts/proof_audit/lower_corridor/phase2p_modewise_tail/phase2p_collar_012a_modewise_tail_scan.json
wrote csv: tables/proof_audit/lower_corridor/phase2p_modewise_tail/phase2p_collar_012a_modewise_tail_scan.csv
wrote candidate: artifacts/proof_audit/lower_corridor/phase2p_modewise_tail/phase2p_collar_012a_modewise_tail_candidate.json
