Planned missing-subsegment jobs: 338

[1/338] running phase2e_heavy_anchor_segment_002_phase2j_sub00_os24_sg0p01_candidate.json
return code: 0

[2/338] running phase2e_heavy_anchor_segment_002_phase2j_sub00_os24_sg0p005_candidate.json
return code: 0

[3/338] running phase2e_heavy_anchor_segment_002_phase2j_sub01_os16_sg0p02_candidate.json
return code: 0

[4/338] running phase2e_heavy_anchor_segment_002_phase2j_sub01_os16_sg0p01_candidate.json
return code: 0

[5/338] running phase2e_heavy_anchor_segment_002_phase2j_sub01_os16_sg0p005_candidate.json
return code: 0

[6/338] running phase2e_heavy_anchor_segment_002_phase2j_sub01_os24_sg0p02_candidate.json
return code: 0

[7/338] running phase2e_heavy_anchor_segment_002_phase2j_sub01_os24_sg0p01_candidate.json
return code: 0

[8/338] running phase2e_heavy_anchor_segment_002_phase2j_sub01_os24_sg0p005_candidate.json
return code: 0

[9/338] running phase2e_heavy_anchor_segment_002_phase2j_sub02_os16_sg0p02_candidate.json
return code: 0

[10/338] running phase2e_heavy_anchor_segment_002_phase2j_sub02_os16_sg0p01_candidate.json
return code: 0

[11/338] running phase2e_heavy_anchor_segment_002_phase2j_sub02_os16_sg0p005_candidate.json
return code: 0

[12/338] running phase2e_heavy_anchor_segment_002_phase2j_sub02_os24_sg0p02_candidate.json
return code: 0

[13/338] running phase2e_heavy_anchor_segment_002_phase2j_sub02_os24_sg0p01_candidate.json
return code: 0

[14/338] running phase2e_heavy_anchor_segment_002_phase2j_sub02_os24_sg0p005_candidate.json
return code: 0

[15/338] running phase2e_heavy_anchor_segment_003_phase2j_sub00_os24_sg0p01_candidate.json
return code: 0

[16/338] running phase2e_heavy_anchor_segment_003_phase2j_sub00_os24_sg0p005_candidate.json
return code: 0

[17/338] running phase2e_heavy_anchor_segment_003_phase2j_sub01_os16_sg0p02_candidate.json
return code: 0

[18/338] running phase2e_heavy_anchor_segment_003_phase2j_sub01_os16_sg0p01_candidate.json
return code: 0

[19/338] running phase2e_heavy_anchor_segment_003_phase2j_sub01_os16_sg0p005_candidate.json
return code: 0

[20/338] running phase2e_heavy_anchor_segment_003_phase2j_sub01_os24_sg0p02_candidate.json
return code: 0

[21/338] running phase2e_heavy_anchor_segment_003_phase2j_sub01_os24_sg0p01_candidate.json
return code: 0

[22/338] running phase2e_heavy_anchor_segment_003_phase2j_sub01_os24_sg0p005_candidate.json
return code: 0

[23/338] running phase2e_heavy_anchor_segment_004_phase2j_sub00_os24_sg0p02_candidate.json
return code: 0

[24/338] running phase2e_heavy_anchor_segment_004_phase2j_sub00_os24_sg0p01_candidate.json
return code: 0

[25/338] running phase2e_heavy_anchor_segment_004_phase2j_sub00_os24_sg0p005_candidate.json
return code: 0

[26/338] running phase2e_heavy_anchor_segment_004_phase2j_sub00_os24_sg0p0025_candidate.json
return code: 0

[27/338] running phase2e_heavy_anchor_segment_004_phase2j_sub00_os32_sg0p02_candidate.json
return code: 0

[28/338] running phase2e_heavy_anchor_segment_004_phase2j_sub00_os32_sg0p01_candidate.json
return code: 0

[29/338] running phase2e_heavy_anchor_segment_004_phase2j_sub00_os32_sg0p005_candidate.json
return code: 0

[30/338] running phase2e_heavy_anchor_segment_004_phase2j_sub00_os32_sg0p0025_candidate.json
return code: 0

[31/338] running phase2e_heavy_anchor_segment_004_phase2j_sub01_os16_sg0p02_candidate.json
return code: 0

[32/338] running phase2e_heavy_anchor_segment_004_phase2j_sub01_os16_sg0p01_candidate.json
return code: 0

[33/338] running phase2e_heavy_anchor_segment_004_phase2j_sub01_os16_sg0p005_candidate.json
return code: 0

[34/338] running phase2e_heavy_anchor_segment_004_phase2j_sub01_os16_sg0p0025_candidate.json
return code: 0

[35/338] running phase2e_heavy_anchor_segment_004_phase2j_sub01_os24_sg0p02_candidate.json
return code: 0

[36/338] running phase2e_heavy_anchor_segment_004_phase2j_sub01_os24_sg0p01_candidate.json
return code: 0

[37/338] running phase2e_heavy_anchor_segment_004_phase2j_sub01_os24_sg0p005_candidate.json
return code: 0

[38/338] running phase2e_heavy_anchor_segment_004_phase2j_sub01_os24_sg0p0025_candidate.json
return code: 0

[39/338] running phase2e_heavy_anchor_segment_004_phase2j_sub01_os32_sg0p02_candidate.json
return code: 0

[40/338] running phase2e_heavy_anchor_segment_004_phase2j_sub01_os32_sg0p01_candidate.json
return code: 0

[41/338] running phase2e_heavy_anchor_segment_004_phase2j_sub01_os32_sg0p005_candidate.json
return code: 0

[42/338] running phase2e_heavy_anchor_segment_004_phase2j_sub01_os32_sg0p0025_candidate.json
return code: 0

[43/338] running phase2e_heavy_anchor_segment_004_phase2j_sub02_os16_sg0p02_candidate.json
return code: 0

[44/338] running phase2e_heavy_anchor_segment_004_phase2j_sub02_os16_sg0p01_candidate.json
return code: 0

[45/338] running phase2e_heavy_anchor_segment_004_phase2j_sub02_os16_sg0p005_candidate.json
return code: 0

[46/338] running phase2e_heavy_anchor_segment_004_phase2j_sub02_os16_sg0p0025_candidate.json
return code: 0

[47/338] running phase2e_heavy_anchor_segment_004_phase2j_sub02_os24_sg0p02_candidate.json
return code: 0

[48/338] running phase2e_heavy_anchor_segment_004_phase2j_sub02_os24_sg0p01_candidate.json
return code: 0

[49/338] running phase2e_heavy_anchor_segment_004_phase2j_sub02_os24_sg0p005_candidate.json
return code: 0

[50/338] running phase2e_heavy_anchor_segment_004_phase2j_sub02_os24_sg0p0025_candidate.json
return code: 0

[51/338] running phase2e_heavy_anchor_segment_004_phase2j_sub02_os32_sg0p02_candidate.json
return code: 0

[52/338] running phase2e_heavy_anchor_segment_004_phase2j_sub02_os32_sg0p01_candidate.json
return code: 0

[53/338] running phase2e_heavy_anchor_segment_004_phase2j_sub02_os32_sg0p005_candidate.json
return code: 0

[54/338] running phase2e_heavy_anchor_segment_004_phase2j_sub02_os32_sg0p0025_candidate.json
return code: 0

[55/338] running phase2e_heavy_anchor_segment_005_phase2j_sub00_os16_sg0p02_candidate.json
return code: 0

[56/338] running phase2e_heavy_anchor_segment_005_phase2j_sub00_os16_sg0p01_candidate.json
return code: 0

[57/338] running phase2e_heavy_anchor_segment_005_phase2j_sub00_os16_sg0p005_candidate.json
return code: 0

[58/338] running phase2e_heavy_anchor_segment_005_phase2j_sub00_os16_sg0p0025_candidate.json
return code: 0

[59/338] running phase2e_heavy_anchor_segment_005_phase2j_sub00_os24_sg0p02_candidate.json
return code: 0

[60/338] running phase2e_heavy_anchor_segment_005_phase2j_sub00_os24_sg0p01_candidate.json
return code: 0

[61/338] running phase2e_heavy_anchor_segment_005_phase2j_sub00_os24_sg0p005_candidate.json
return code: 0

[62/338] running phase2e_heavy_anchor_segment_005_phase2j_sub00_os24_sg0p0025_candidate.json
return code: 0

[63/338] running phase2e_heavy_anchor_segment_005_phase2j_sub00_os32_sg0p02_candidate.json
return code: 0

[64/338] running phase2e_heavy_anchor_segment_005_phase2j_sub00_os32_sg0p01_candidate.json
return code: 0

[65/338] running phase2e_heavy_anchor_segment_005_phase2j_sub00_os32_sg0p005_candidate.json
return code: 0

[66/338] running phase2e_heavy_anchor_segment_005_phase2j_sub00_os32_sg0p0025_candidate.json
return code: 0

[67/338] running phase2e_heavy_anchor_segment_005_phase2j_sub01_os16_sg0p02_candidate.json
return code: 0

[68/338] running phase2e_heavy_anchor_segment_005_phase2j_sub01_os16_sg0p01_candidate.json
return code: 0

[69/338] running phase2e_heavy_anchor_segment_005_phase2j_sub01_os16_sg0p005_candidate.json
return code: 0

[70/338] running phase2e_heavy_anchor_segment_005_phase2j_sub01_os16_sg0p0025_candidate.json
return code: 0

[71/338] running phase2e_heavy_anchor_segment_005_phase2j_sub01_os24_sg0p02_candidate.json
return code: 0

[72/338] running phase2e_heavy_anchor_segment_005_phase2j_sub01_os24_sg0p01_candidate.json
return code: 0

[73/338] running phase2e_heavy_anchor_segment_005_phase2j_sub01_os24_sg0p005_candidate.json
return code: 0

[74/338] running phase2e_heavy_anchor_segment_005_phase2j_sub01_os24_sg0p0025_candidate.json
return code: 0

[75/338] running phase2e_heavy_anchor_segment_005_phase2j_sub01_os32_sg0p02_candidate.json
return code: 0

[76/338] running phase2e_heavy_anchor_segment_005_phase2j_sub01_os32_sg0p01_candidate.json
return code: 0

[77/338] running phase2e_heavy_anchor_segment_005_phase2j_sub01_os32_sg0p005_candidate.json
return code: 0

[78/338] running phase2e_heavy_anchor_segment_005_phase2j_sub01_os32_sg0p0025_candidate.json
return code: 0

[79/338] running phase2e_heavy_anchor_segment_005_phase2j_sub02_os16_sg0p02_candidate.json
return code: 0

[80/338] running phase2e_heavy_anchor_segment_005_phase2j_sub02_os16_sg0p01_candidate.json
return code: 0

[81/338] running phase2e_heavy_anchor_segment_005_phase2j_sub02_os16_sg0p005_candidate.json
return code: 0

[82/338] running phase2e_heavy_anchor_segment_005_phase2j_sub02_os16_sg0p0025_candidate.json
return code: 0

[83/338] running phase2e_heavy_anchor_segment_005_phase2j_sub02_os24_sg0p02_candidate.json
return code: 0

[84/338] running phase2e_heavy_anchor_segment_005_phase2j_sub02_os24_sg0p01_candidate.json
return code: 0

[85/338] running phase2e_heavy_anchor_segment_005_phase2j_sub02_os24_sg0p005_candidate.json
return code: 0

[86/338] running phase2e_heavy_anchor_segment_005_phase2j_sub02_os24_sg0p0025_candidate.json
return code: 0

[87/338] running phase2e_heavy_anchor_segment_005_phase2j_sub02_os32_sg0p02_candidate.json
return code: 0

[88/338] running phase2e_heavy_anchor_segment_005_phase2j_sub02_os32_sg0p01_candidate.json
return code: 0

[89/338] running phase2e_heavy_anchor_segment_005_phase2j_sub02_os32_sg0p005_candidate.json
return code: 0

[90/338] running phase2e_heavy_anchor_segment_005_phase2j_sub02_os32_sg0p0025_candidate.json
return code: 0

[91/338] running phase2e_heavy_anchor_segment_006_phase2j_sub00_os24_sg0p02_candidate.json
return code: 0

[92/338] running phase2e_heavy_anchor_segment_006_phase2j_sub00_os24_sg0p01_candidate.json
return code: 0

[93/338] running phase2e_heavy_anchor_segment_006_phase2j_sub00_os24_sg0p005_candidate.json
return code: 0

[94/338] running phase2e_heavy_anchor_segment_006_phase2j_sub00_os24_sg0p0025_candidate.json
return code: 0

[95/338] running phase2e_heavy_anchor_segment_006_phase2j_sub00_os24_sg0p001_candidate.json
return code: 0

[96/338] running phase2e_heavy_anchor_segment_006_phase2j_sub00_os32_sg0p02_candidate.json
return code: 0

[97/338] running phase2e_heavy_anchor_segment_006_phase2j_sub00_os32_sg0p01_candidate.json
return code: 0

[98/338] running phase2e_heavy_anchor_segment_006_phase2j_sub00_os32_sg0p005_candidate.json
return code: 0

[99/338] running phase2e_heavy_anchor_segment_006_phase2j_sub00_os32_sg0p0025_candidate.json
return code: 0

[100/338] running phase2e_heavy_anchor_segment_006_phase2j_sub00_os32_sg0p001_candidate.json
return code: 0

[101/338] running phase2e_heavy_anchor_segment_006_phase2j_sub01_os24_sg0p02_candidate.json
return code: 0

[102/338] running phase2e_heavy_anchor_segment_006_phase2j_sub01_os24_sg0p01_candidate.json
return code: 0

[103/338] running phase2e_heavy_anchor_segment_006_phase2j_sub01_os24_sg0p005_candidate.json
return code: 0

[104/338] running phase2e_heavy_anchor_segment_006_phase2j_sub01_os24_sg0p0025_candidate.json
return code: 0

[105/338] running phase2e_heavy_anchor_segment_006_phase2j_sub01_os24_sg0p001_candidate.json
return code: 0

[106/338] running phase2e_heavy_anchor_segment_006_phase2j_sub01_os32_sg0p02_candidate.json
return code: 0

[107/338] running phase2e_heavy_anchor_segment_006_phase2j_sub01_os32_sg0p01_candidate.json
return code: 0

[108/338] running phase2e_heavy_anchor_segment_006_phase2j_sub01_os32_sg0p005_candidate.json
return code: 0

[109/338] running phase2e_heavy_anchor_segment_006_phase2j_sub01_os32_sg0p0025_candidate.json
return code: 0

[110/338] running phase2e_heavy_anchor_segment_006_phase2j_sub01_os32_sg0p001_candidate.json
return code: 0

[111/338] running phase2e_heavy_anchor_segment_006_phase2j_sub02_os24_sg0p02_candidate.json
return code: 0

[112/338] running phase2e_heavy_anchor_segment_006_phase2j_sub02_os24_sg0p01_candidate.json
return code: 0

[113/338] running phase2e_heavy_anchor_segment_006_phase2j_sub02_os24_sg0p005_candidate.json
return code: 0

[114/338] running phase2e_heavy_anchor_segment_006_phase2j_sub02_os24_sg0p0025_candidate.json
return code: 0

[115/338] running phase2e_heavy_anchor_segment_006_phase2j_sub02_os24_sg0p001_candidate.json
return code: 0

[116/338] running phase2e_heavy_anchor_segment_006_phase2j_sub02_os32_sg0p02_candidate.json
return code: 0

[117/338] running phase2e_heavy_anchor_segment_006_phase2j_sub02_os32_sg0p01_candidate.json
return code: 0

[118/338] running phase2e_heavy_anchor_segment_006_phase2j_sub02_os32_sg0p005_candidate.json
return code: -15
  stderr: /pscratch/sd/s/suryact/code_runs/phase2k_repo/code_repository/artifacts/proof_audit/lower_corridor/phase2l_logs/phase2e_heavy_anchor_segment_006_phase2j_sub02_os32_sg0p005_candidate.json.stderr.log

[119/338] running phase2e_heavy_anchor_segment_006_phase2j_sub02_os32_sg0p0025_candidate.json
scripts/audit/run_phase2l_missing_subsegments.sh: line 109: 1043444 Terminated              python -  <<'PY'
import json
import subprocess
import sys
from pathlib import Path

repo = Path(".").resolve()
atlas_path = repo / "artifacts/proof_audit/lower_corridor/lower_anchor_phase2j_failure_atlas.json"
out_dir = repo / "artifacts/proof_audit/lower_corridor/phase2j_rescue"
table_dir = repo / "tables/proof_audit/lower_corridor/phase2j_rescue"
log_dir = repo / "artifacts/proof_audit/lower_corridor/phase2l_logs"

out_dir.mkdir(parents=True, exist_ok=True)
table_dir.mkdir(parents=True, exist_ok=True)
log_dir.mkdir(parents=True, exist_ok=True)

atlas = json.loads(atlas_path.read_text())
failed_rows = atlas.get("failed_rows", [])

def encode_sigma(x):
    return str(x).replace(".", "p").replace("-", "m")

def candidate_ready(path):
    if not path.exists():
        return False
    try:
        data = json.loads(path.read_text())
    except Exception:
        return False
    for row in data.get("anchor_segments", []):
        if row.get("theorem_ready") or row.get("certified"):
            return True
    return False

jobs = []

for row in failed_rows:
    parent = row["segment_id"]
    K_lo = float(row["K_lo"])
    K_hi = float(row["K_hi"])
    profile = row.get("profile", {})
    split_count = int(profile.get("split_count", 1))
    overlap = float(profile.get("overlap", 1e-7))

    n_values = profile.get("n_values", [256, 384, 512])
    oversamples = profile.get("oversample_factors", [16])
    sigmas = profile.get("sigma_caps", [0.005])
    max_wall = float(profile.get("max_wall_seconds", 2400.0))

    width = (K_hi - K_lo) / split_count

    for i in range(split_count):
        sub_lo = K_lo + i * width
        sub_hi = K_lo + (i + 1) * width

        # Add small overlap except at global endpoints.
        if i > 0:
            sub_lo -= overlap
        if i < split_count - 1:
            sub_hi += overlap

        sub_mid = 0.5 * (sub_lo + sub_hi)
        sub_id = f"{parent}_phase2j_sub{i:02d}"

        # Use all listed sigma caps with the largest oversample first for robustness.
        # If this is too many, interrupt and narrow later.
        for osamp in oversamples:
            for sigma in sigmas:
                cand_name = f"{sub_id}_os{osamp}_sg{encode_sigma(sigma)}_candidate.json"
                cand_path = out_dir / cand_name
                if candidate_ready(cand_path):
                    continue

                cmd = [
                    sys.executable,
                    "scripts/audit/run_lower_anchor_phase2g_segment.py",
                    "--segment-id", sub_id,
                    "--K-lo", repr(sub_lo),
                    "--K-hi", repr(sub_hi),
                    "--K-mid", repr(sub_mid),
                    "--N-values", ",".join(str(n) for n in n_values),
                    "--oversample-factor", str(osamp),
                    "--sigma-cap", str(sigma),
                    "--max-wall-seconds", str(max_wall),
                    "--out-dir", str(out_dir.relative_to(repo)),
                    "--table-dir", str(table_dir.relative_to(repo)),
                    "--candidate-name", cand_name,
                ]
                jobs.append((sub_id, cand_name, cmd))

print(f"Planned missing-subsegment jobs: {len(jobs)}")

for idx, (sub_id, cand_name, cmd) in enumerate(jobs, 1):
    print(f"\n[{idx}/{len(jobs)}] running {cand_name}", flush=True)
    stdout_path = log_dir / f"{cand_name}.stdout.log"
    stderr_path = log_dir / f"{cand_name}.stderr.log"

    with stdout_path.open("w") as out, stderr_path.open("w") as err:
        rc = subprocess.call(cmd, stdout=out, stderr=err)

    print(f"return code: {rc}", flush=True)
    if rc != 0:
        print(f"  stderr: {stderr_path}", flush=True)

print("\nDone running missing subsegments.")
PY

