
$ /pscratch/sd/s/suryact/phase2k_venv/bin/python scripts/audit/run_lower_anchor_phase2n_batch.py --segment-id phase2n_collar_007 --K-lo 0.9635001 --K-hi 0.9640002 --K-mid 0.96375015 --N-values 1024 --oversample-factors 16 --sigma-caps 0.0001 --timeout-seconds 1200.0 --skip-existing --seed-json artifacts/proof_audit/lower_corridor/phase2n_probes/phase2n_collar_006_N1024_os16_sg0p0001.json
{
  "attempt_count": 1,
  "best": {
    "K_mid": 0.96375015,
    "N": 1024,
    "elapsed_seconds": 13.797608137130737,
    "failure_reasons": [
      "analytic_radii_margin_not_safely_positive"
    ],
    "finite_radii_margin": 6.46072886958338e-07,
    "linear_Z": 0.48037913562849843,
    "oversample_factor": 16,
    "path": "artifacts/proof_audit/lower_corridor/phase2n_probes/phase2n_collar_007_N1024_os16_sg0p0001.json",
    "radii_margin": -1.0153942275899078e-05,
    "radius_r": 1.243419263404567e-06,
    "residual_Y": 7.465891311421806e-09,
    "segment_id": "phase2n_collar_007",
    "sigma_cap": 0.0001,
    "sigma_used": 0.0001,
    "source_theorem_margin": -1.0831090555688385e-05,
    "status": "phase2n-diagnostic-single-N",
    "tail_T": 1.0792581977014114e-05,
    "theorem_ready": false
  },
  "best_candidate_path": "artifacts/proof_audit/lower_corridor/phase2n_probes/phase2n_collar_007_best_single_segment_candidate.json",
  "csv_path": "tables/proof_audit/lower_corridor/phase2n_probes/phase2n_collar_007_phase2n_batch_summary.csv",
  "summary_path": "artifacts/proof_audit/lower_corridor/phase2n_probes/phase2n_collar_007_phase2n_batch_summary.json",
  "theorem_ready_count": 0
}
