================================================================================
Phase 2T parallel gap closer: collar_012b1
target interval: [0.9662501, 0.9663752]
initial pieces: 16; max depth: 3; workers: 64
================================================================================

[depth 0] running 16 pieces with 64 workers
[piece failed] collar_012b1_d00_p0009 [0.96632036875, 0.9663283875]
[piece failed] collar_012b1_d00_p0008 [0.96631255, 0.96632056875]
[piece failed] collar_012b1_d00_p0012 [0.966343825, 0.96635184375]
[piece failed] collar_012b1_d00_p0003 [0.96627345625, 0.966281475]
[piece failed] collar_012b1_d00_p0010 [0.9663281875, 0.96633620625]
[piece failed] collar_012b1_d00_p0014 [0.9663594625, 0.96636748125]
[piece failed] collar_012b1_d00_p0013 [0.96635164375, 0.9663596625]
[piece failed] collar_012b1_d00_p0000 [0.9662501, 0.96625801875]
[piece failed] collar_012b1_d00_p0007 [0.96630473125, 0.96631275]
[piece failed] collar_012b1_d00_p0006 [0.9662969125, 0.96630493125]
[piece failed] collar_012b1_d00_p0002 [0.9662656375, 0.96627365625]
[piece failed] collar_012b1_d00_p0005 [0.96628909375, 0.9662971125]
[piece failed] collar_012b1_d00_p0015 [0.96636728125, 0.9663752]
[piece failed] collar_012b1_d00_p0001 [0.96625781875, 0.9662658375]
[piece failed] collar_012b1_d00_p0011 [0.96633600625, 0.966344025]
[piece failed] collar_012b1_d00_p0004 [0.966281275, 0.96628929375]
[depth 0] closed=0 failed=16

[depth 1] running 32 pieces with 64 workers
