
$ /pscratch/sd/s/suryact/phase2k_venv/bin/python scripts/audit/run_lower_anchor_phase2n_batch.py --segment-id phase2n_collar_010 --K-lo 0.9650001 --K-hi 0.9655002 --K-mid 0.96525015 --N-values 1024 --oversample-factors 16 --sigma-caps 0.0001 --timeout-seconds 1200.0 --skip-existing --seed-json artifacts/proof_audit/lower_corridor/phase2n_probes/phase2n_collar_009_N1024_os16_sg0p0001.json
{
  "attempt_count": 1,
  "best": {
    "K_mid": 0.96525015,
    "N": 1024,
    "elapsed_seconds": 15.606989622116089,
    "failure_reasons": [
      "analytic_radii_margin_not_safely_positive"
    ],
    "finite_radii_margin": 5.559038300476745e-07,
    "linear_Z": 0.49796153156251927,
    "oversample_factor": 16,
    "path": "artifacts/proof_audit/lower_corridor/phase2n_probes/phase2n_collar_010_N1024_os16_sg0p0001.json",
    "radii_margin": -1.8354590195572723e-05,
    "radius_r": 1.1079737997159586e-06,
    "residual_Y": 1.775162849640877e-08,
    "segment_id": "phase2n_collar_010",
    "sigma_cap": 0.0001,
    "sigma_used": 0.0001,
    "source_theorem_margin": -2.0203666811195767e-05,
    "status": "phase2n-diagnostic-single-N",
    "tail_T": 1.889308303655457e-05,
    "theorem_ready": false
  },
  "best_candidate_path": "artifacts/proof_audit/lower_corridor/phase2n_probes/phase2n_collar_010_best_single_segment_candidate.json",
  "csv_path": "tables/proof_audit/lower_corridor/phase2n_probes/phase2n_collar_010_phase2n_batch_summary.csv",
  "summary_path": "artifacts/proof_audit/lower_corridor/phase2n_probes/phase2n_collar_010_phase2n_batch_summary.json",
  "theorem_ready_count": 0
}
