{
  "attempt_count": 1,
  "best": {
    "K_mid": 0.96612515,
    "N": 1024,
    "elapsed_seconds": 25.880605220794678,
    "failure_reasons": [
      "analytic_radii_margin_not_safely_positive"
    ],
    "finite_radii_margin": 4.8875090951024e-07,
    "linear_Z": 0.46023531063503814,
    "oversample_factor": 16,
    "path": "artifacts/proof_audit/lower_corridor/phase2n_probes/phase2n_collar_012a_N1024_os16_sg0p0001.json",
    "radii_margin": -2.1156571577727994e-05,
    "radius_r": 9.055158614427541e-07,
    "residual_Y": 2.9280249850753432e-08,
    "segment_id": "phase2n_collar_012a",
    "sigma_cap": 0.0001,
    "sigma_used": 0.0001,
    "source_theorem_margin": -2.4306932497841884e-05,
    "status": "phase2n-diagnostic-single-N",
    "tail_T": 2.1616055815543937e-05,
    "theorem_ready": false
  },
  "best_candidate_path": "artifacts/proof_audit/lower_corridor/phase2n_probes/phase2n_collar_012a_best_single_segment_candidate.json",
  "csv_path": "tables/proof_audit/lower_corridor/phase2n_probes/phase2n_collar_012a_phase2n_batch_summary.csv",
  "summary_path": "artifacts/proof_audit/lower_corridor/phase2n_probes/phase2n_collar_012a_phase2n_batch_summary.json",
  "theorem_ready_count": 0
}
