{
  "attempt_count": 1,
  "best": {
    "K_mid": 0.966324378125,
    "N": 1024,
    "elapsed_seconds": 9.476269245147705,
    "failure_reasons": [
      "analytic_radii_margin_not_safely_positive"
    ],
    "finite_radii_margin": 4.73830492381473e-07,
    "linear_Z": 0.46822791776754474,
    "oversample_factor": 16,
    "path": "artifacts/proof_audit/lower_corridor/phase2n_probes/phase2n_collar_012b1_d00_p0009_N1024_os16_sg0p0001.json",
    "radii_margin": -2.5294783501986552e-05,
    "radius_r": 8.910472802982472e-07,
    "residual_Y": 3.279192602962746e-08,
    "segment_id": "phase2n_collar_012b1_d00_p0009",
    "sigma_cap": 0.0001,
    "sigma_used": 0.0001,
    "source_theorem_margin": -2.8839785942466574e-05,
    "status": "phase2n-diagnostic-single-N",
    "tail_T": 2.573582464356869e-05,
    "theorem_ready": false
  },
  "best_candidate_path": "artifacts/proof_audit/lower_corridor/phase2n_probes/phase2n_collar_012b1_d00_p0009_best_single_segment_candidate.json",
  "csv_path": "tables/proof_audit/lower_corridor/phase2n_probes/phase2n_collar_012b1_d00_p0009_phase2n_batch_summary.csv",
  "summary_path": "artifacts/proof_audit/lower_corridor/phase2n_probes/phase2n_collar_012b1_d00_p0009_phase2n_batch_summary.json",
  "theorem_ready_count": 0
}
