================================================================================
Phase 2U fast microsegment closer: collar_012b1
target interval: [0.9662501, 0.9663752]
pieces: 64; selected range: [0, 64); workers: 32; profile: fast
================================================================================
[not-closed] piece 0022 phase2u_collar_012b1_p0022 margin=-8.456683596695677e-08 ready=False
[not-closed] piece 0005 phase2u_collar_012b1_p0005 margin=-8.371765126455273e-08 ready=False
[not-closed] piece 0019 phase2u_collar_012b1_p0019 margin=-4.469826644661126e-08 ready=False
[not-closed] piece 0009 phase2u_collar_012b1_p0009 margin=-4.20202384477325e-08 ready=False
[not-closed] piece 0016 phase2u_collar_012b1_p0016 margin=-1.5068257265076145e-07 ready=False
[not-closed] piece 0021 phase2u_collar_012b1_p0021 margin=-1.3276656490328466e-07 ready=False
[not-closed] piece 0030 phase2u_collar_012b1_p0030 margin=-1.2904496083893311e-08 ready=False
[not-closed] piece 0011 phase2u_collar_012b1_p0011 margin=-2.75729856345418e-07 ready=False
[not-closed] piece 0020 phase2u_collar_012b1_p0020 margin=-1.8906573370552068e-07 ready=False
[not-closed] piece 0015 phase2u_collar_012b1_p0015 margin=-1.5137055461187546e-07 ready=False
[not-closed] piece 0023 phase2u_collar_012b1_p0023 margin=-7.070104584649929e-08 ready=False
[not-closed] piece 0026 phase2u_collar_012b1_p0026 margin=-4.0829893307985505e-08 ready=False
[not-closed] piece 0024 phase2u_collar_012b1_p0024 margin=-3.4057028664481645e-08 ready=False
[not-closed] piece 0000 phase2u_collar_012b1_p0000 margin=-1.1573947332913072e-07 ready=False
[not-closed] piece 0029 phase2u_collar_012b1_p0029 margin=-2.79729943864044e-08 ready=False
[not-closed] piece 0004 phase2u_collar_012b1_p0004 margin=-1.3810547729522062e-07 ready=False
[not-closed] piece 0012 phase2u_collar_012b1_p0012 margin=-1.6671034511061578e-07 ready=False
[not-closed] piece 0028 phase2u_collar_012b1_p0028 margin=-2.050096672707629e-08 ready=False
[not-closed] piece 0018 phase2u_collar_012b1_p0018 margin=-2.553940003630604e-07 ready=False
[not-closed] piece 0014 phase2u_collar_012b1_p0014 margin=-2.835180417184447e-07 ready=False
[not-closed] piece 0013 phase2u_collar_012b1_p0013 margin=-1.0046350142194868e-07 ready=False
[not-closed] piece 0025 phase2u_collar_012b1_p0025 margin=-2.4436452647282544e-07 ready=False
[not-closed] piece 0003 phase2u_collar_012b1_p0003 margin=-5.774417477769474e-08 ready=False
[not-closed] piece 0002 phase2u_collar_012b1_p0002 margin=-1.0735261808751006e-07 ready=False
[not-closed] piece 0006 phase2u_collar_012b1_p0006 margin=-1.1402127330355315e-07 ready=False
[not-closed] piece 0008 phase2u_collar_012b1_p0008 margin=-1.7034323718904403e-07 ready=False
[not-closed] piece 0010 phase2u_collar_012b1_p0010 margin=-7.132429764949637e-08 ready=False
[not-closed] piece 0001 phase2u_collar_012b1_p0001 margin=-1.3287832010641177e-07 ready=False
[not-closed] piece 0027 phase2u_collar_012b1_p0027 margin=-3.341535461505598e-08 ready=False
[not-closed] piece 0007 phase2u_collar_012b1_p0007 margin=-1.7746992695400403e-07 ready=False
[not-closed] piece 0017 phase2u_collar_012b1_p0017 margin=-1.8560255291196315e-07 ready=False
[not-closed] piece 0031 phase2u_collar_012b1_p0031 margin=-1.3347502127993203e-08 ready=False
[not-closed] piece 0032 phase2u_collar_012b1_p0032 margin=-1.5936775829603653e-08 ready=False
[not-closed] piece 0034 phase2u_collar_012b1_p0034 margin=-2.836383066294015e-08 ready=False
[not-closed] piece 0035 phase2u_collar_012b1_p0035 margin=-2.572389928504181e-08 ready=False
[not-closed] piece 0039 phase2u_collar_012b1_p0039 margin=-2.736287626014365e-08 ready=False
[not-closed] piece 0045 phase2u_collar_012b1_p0045 margin=-3.230584887736647e-08 ready=False
[not-closed] piece 0046 phase2u_collar_012b1_p0046 margin=-3.809714737929342e-08 ready=False
[not-closed] piece 0038 phase2u_collar_012b1_p0038 margin=-2.6834525166291056e-08 ready=False
[not-closed] piece 0043 phase2u_collar_012b1_p0043 margin=-3.613890426962247e-08 ready=False
[not-closed] piece 0049 phase2u_collar_012b1_p0049 margin=-2.9622008313889527e-08 ready=False
[not-closed] piece 0055 phase2u_collar_012b1_p0055 margin=-1.0110577527728866e-07 ready=False
[not-closed] piece 0053 phase2u_collar_012b1_p0053 margin=-8.396732219499141e-08 ready=False
[not-closed] piece 0056 phase2u_collar_012b1_p0056 margin=-3.486137274692446e-08 ready=False
[not-closed] piece 0051 phase2u_collar_012b1_p0051 margin=-3.1454311381427805e-08 ready=False
[not-closed] piece 0052 phase2u_collar_012b1_p0052 margin=-1.0120030622635368e-07 ready=False
[not-closed] piece 0048 phase2u_collar_012b1_p0048 margin=-3.444372002255321e-08 ready=False
[not-closed] piece 0040 phase2u_collar_012b1_p0040 margin=-2.0851667071383665e-08 ready=False
[not-closed] piece 0057 phase2u_collar_012b1_p0057 margin=-1.1150750526284819e-07 ready=False
[not-closed] piece 0033 phase2u_collar_012b1_p0033 margin=-2.8136813945252127e-08 ready=False
[not-closed] piece 0042 phase2u_collar_012b1_p0042 margin=-2.661969558281059e-08 ready=False
[not-closed] piece 0050 phase2u_collar_012b1_p0050 margin=-7.145296701885662e-09 ready=False
[not-closed] piece 0036 phase2u_collar_012b1_p0036 margin=-2.404690286231148e-08 ready=False
[not-closed] piece 0047 phase2u_collar_012b1_p0047 margin=-3.330067823619859e-08 ready=False
[not-closed] piece 0037 phase2u_collar_012b1_p0037 margin=-2.0626038705102142e-08 ready=False
[not-closed] piece 0059 phase2u_collar_012b1_p0059 margin=-2.7247780914543075e-07 ready=False
[not-closed] piece 0061 phase2u_collar_012b1_p0061 margin=-1.6518433381979583e-07 ready=False
[not-closed] piece 0054 phase2u_collar_012b1_p0054 margin=-9.848198656992765e-08 ready=False
[not-closed] piece 0044 phase2u_collar_012b1_p0044 margin=-3.3441353456964876e-08 ready=False
[not-closed] piece 0062 phase2u_collar_012b1_p0062 margin=-2.2578931787366064e-07 ready=False
[not-closed] piece 0060 phase2u_collar_012b1_p0060 margin=-1.3422373562646723e-07 ready=False
[not-closed] piece 0041 phase2u_collar_012b1_p0041 margin=-2.2050322620310542e-08 ready=False
[not-closed] piece 0058 phase2u_collar_012b1_p0058 margin=-1.900054693265681e-07 ready=False
[not-closed] piece 0063 phase2u_collar_012b1_p0063 margin=-5.8007781875457625e-08 ready=False

Phase 2U complete.
{
  "status": "phase2u-incomplete",
  "closed_count": 0,
  "pending_count": 64,
  "summary_path": "artifacts/proof_audit/lower_corridor/phase2u_micro/collar_012b1/phase2u_collar_012b1_run_summary.json",
  "csv_path": "tables/proof_audit/lower_corridor/phase2u_micro/collar_012b1/phase2u_collar_012b1_pieces.csv",
  "assemble_report": {
    "assembled": false,
    "reason": "not_all_pieces_closed"
  },
  "best_failed_rows": [
    {
      "path": "artifacts/proof_audit/lower_corridor/phase2u_micro/collar_012b1/phase2p/phase2u_collar_012b1_p0050_modewise_tail_candidate.json",
      "K_lo": 0.966347734375,
      "K_hi": 0.966349889062,
      "theorem_facing": false,
      "promotion_allowed": false,
      "closure_level": "phase2p_modewise_tail_not_closed",
      "failure_fields": [
        "phase2p_modewise_tail_not_theorem_ready"
      ],
      "theorem_ready": false,
      "model_name": "strict_modewise_tail_from_strict_source_tail_radius_x1_08_sg1.000e-07_os16_cut1536",
      "sigma": 1e-07,
      "radius_r": 9.396008656794255e-07,
      "radius_multiplier": null,
      "finite_contraction_q": 0.9916881979289979,
      "tail_cutoff": 1536,
      "radii_margin": -7.145296701885662e-09,
      "tail_T": 4.564126078723841e-07,
      "allowable_tail_max": 4.4926831117049843e-07,
      "tail_response_bound": 3.3804265081796426e-07,
      "nonlinear_guard": 1.1836995705441985e-07,
      "failure_reasons": [
        "analytic_radii_margin_not_safely_positive"
      ]
    },
    {
      "path": "artifacts/proof_audit/lower_corridor/phase2u_micro/collar_012b1/phase2p/phase2u_collar_012b1_p0030_modewise_tail_candidate.json",
      "K_lo": 0.966308640625,
      "K_hi": 0.966310795312,
      "theorem_facing": false,
      "promotion_allowed": false,
      "closure_level": "phase2p_modewise_tail_not_closed",
      "failure_fields": [
        "phase2p_modewise_tail_not_theorem_ready"
      ],
      "theorem_ready": false,
      "model_name": "strict_modewise_tail_from_strict_source_tail_radius_x1_08_sg1.000e-07_os16_cut1536",
      "sigma": 1e-07,
      "radius_r": 9.535399762919828e-07,
      "radius_multiplier": null,
      "finite_contraction_q": 0.999599471355988,
      "tail_cutoff": 1536,
      "radii_margin": -1.2904496083893311e-08,
      "tail_T": 4.659641098203376e-07,
      "allowable_tail_max": 4.530606137364442e-07,
      "tail_response_bound": 3.4672409350147166e-07,
      "nonlinear_guard": 1.1924001631886593e-07,
      "failure_reasons": [
        "analytic_radii_margin_not_safely_positive"
      ]
    },
    {
      "path": "artifacts/proof_audit/lower_corridor/phase2u_micro/collar_012b1/phase2p/phase2u_collar_012b1_p0031_modewise_tail_candidate.json",
      "K_lo": 0.966310595312,
      "K_hi": 0.96631275,
      "theorem_facing": false,
      "promotion_allowed": false,
      "closure_level": "phase2p_modewise_tail_not_closed",
      "failure_fields": [
        "phase2p_modewise_tail_not_theorem_ready"
      ],
      "theorem_ready": false,
      "model_name": "strict_modewise_tail_from_strict_source_tail_radius_x1_16_sg1.000e-07_os16_cut1536",
      "sigma": 1e-07,
      "radius_r": 9.516859380327584e-07,
      "radius_multiplier": null,
      "finite_contraction_q": 0.9979919294327039,
      "tail_cutoff": 1536,
      "radii_margin": -1.3347502127993203e-08,
      "tail_T": 4.662180902973256e-07,
      "allowable_tail_max": 4.5287158816933236e-07,
      "tail_response_bound": 3.470186715827747e-07,
      "nonlinear_guard": 1.1919941871455092e-07,
      "failure_reasons": [
        "analytic_radii_margin_not_safely_positive"
      ]
    },
    {
      "path": "artifacts/proof_audit/lower_corridor/phase2u_micro/collar_012b1/phase2p/phase2u_collar_012b1_p0032_modewise_tail_candidate.json",
      "K_lo": 0.96631255,
      "K_hi": 0.966314704688,
      "theorem_facing": false,
      "promotion_allowed": false,
      "closure_level": "phase2p_modewise_tail_not_closed",
      "failure_fields": [
        "phase2p_modewise_tail_not_theorem_ready"
      ],
      "theorem_ready": false,
      "model_name": "strict_modewise_tail_from_strict_source_tail_radius_x1_2_sg1.000e-07_os16_cut1536",
      "sigma": 1e-07,
      "radius_r": 9.518673925842104e-07,
      "radius_multiplier": null,
      "finite_contraction_q": 0.9985186747705616,
      "tail_cutoff": 1536,
      "radii_margin": -1.5936775829603653e-08,
      "tail_T": 4.6862097135587936e-07,
      "allowable_tail_max": 4.526851955262757e-07,
      "tail_response_bound": 3.494614924405955e-07,
      "nonlinear_guard": 1.1915947891528386e-07,
      "failure_reasons": [
        "analytic_radii_margin_not_safely_positive"
      ]
    },
    {
      "path": "artifacts/proof_audit/lower_corridor/phase2u_micro/collar_012b1/phase2p/phase2u_collar_012b1_p0028_modewise_tail_candidate.json",
      "K_lo": 0.96630473125,
      "K_hi": 0.966306885938,
      "theorem_facing": false,
      "promotion_allowed": false,
      "closure_level": "phase2p_modewise_tail_not_closed",
      "failure_fields": [
        "phase2p_modewise_tail_not_theorem_ready"
      ],
      "theorem_ready": false,
      "model_name": "strict_modewise_tail_from_strict_source_tail_radius_x1_3_sg1.000e-07_os16_cut1536",
      "sigma": 1e-07,
      "radius_r": 9.67722831999848e-07,
      "radius_multiplier": null,
      "finite_contraction_q": 1.0137850269854818,
      "tail_cutoff": 1536,
      "radii_margin": -2.050096672707629e-08,
      "tail_T": 4.738440707872808e-07,
      "allowable_tail_max": 4.5334410406020453e-07,
      "tail_response_bound": 3.5454641355704256e-07,
      "nonlinear_guard": 1.1929765723023829e-07,
      "failure_reasons": [
        "finite_contraction_q_not_below_one",
        "analytic_radii_margin_not_safely_positive"
      ]
    },
    {
      "path": "artifacts/proof_audit/lower_corridor/phase2u_micro/collar_012b1/phase2p/phase2u_collar_012b1_p0037_modewise_tail_candidate.json",
      "K_lo": 0.966322323438,
      "K_hi": 0.966324478125,
      "theorem_facing": false,
      "promotion_allowed": false,
      "closure_level": "phase2p_modewise_tail_not_closed",
      "failure_fields": [
        "phase2p_modewise_tail_not_theorem_ready"
      ],
      "theorem_ready": false,
      "model_name": "strict_modewise_tail_from_strict_sigma_override_sg1_000e_07_sg1.000e-07_os16_cut1536",
      "sigma": 1e-07,
      "radius_r": 9.255212257717629e-07,
      "radius_multiplier": null,
      "finite_contraction_q": 0.9725220616773446,
      "tail_cutoff": 1536,
      "radii_margin": -2.0626038705102142e-08,
      "tail_T": 4.7201438708617595e-07,
      "allowable_tail_max": 4.513893483810738e-07,
      "tail_response_bound": 3.5314608734657783e-07,
      "nonlinear_guard": 1.1886829973959814e-07,
      "failure_reasons": [
        "analytic_radii_margin_not_safely_positive"
      ]
    },
    {
      "path": "artifacts/proof_audit/lower_corridor/phase2u_micro/collar_012b1/phase2p/phase2u_collar_012b1_p0040_modewise_tail_candidate.json",
      "K_lo": 0.9663281875,
      "K_hi": 0.966330342188,
      "theorem_facing": false,
      "promotion_allowed": false,
      "closure_level": "phase2p_modewise_tail_not_closed",
      "failure_fields": [
        "phase2p_modewise_tail_not_theorem_ready"
      ],
      "theorem_ready": false,
      "model_name": "strict_modewise_tail_from_strict_source_tail_radius_x1_16_sg1.000e-07_os16_cut1536",
      "sigma": 1e-07,
      "radius_r": 9.433801138070859e-07,
      "radius_multiplier": null,
      "finite_contraction_q": 0.9922954784401122,
      "tail_cutoff": 1536,
      "radii_margin": -2.0851667071383665e-08,
      "tail_T": 4.7200748493423767e-07,
      "allowable_tail_max": 4.511568178628541e-07,
      "tail_response_bound": 3.5317806823634657e-07,
      "nonlinear_guard": 1.1882941669789109e-07,
      "failure_reasons": [
        "analytic_radii_margin_not_safely_positive"
      ]
    },
    {
      "path": "artifacts/proof_audit/lower_corridor/phase2u_micro/collar_012b1/phase2p/phase2u_collar_012b1_p0041_modewise_tail_candidate.json",
      "K_lo": 0.966330142188,
      "K_hi": 0.966332296875,
      "theorem_facing": false,
      "promotion_allowed": false,
      "closure_level": "phase2p_modewise_tail_not_closed",
      "failure_fields": [
        "phase2p_modewise_tail_not_theorem_ready"
      ],
      "theorem_ready": false,
      "model_name": "strict_modewise_tail_from_strict_source_tail_radius_x1_08_sg1.000e-07_os16_cut1536",
      "sigma": 1e-07,
      "radius_r": 9.71197129352853e-07,
      "radius_multiplier": null,
      "finite_contraction_q": 1.021901321473319,
      "tail_cutoff": 1536,
      "radii_margin": -2.2050322620310542e-08,
      "tail_T": 4.7281838814304846e-07,
      "allowable_tail_max": 4.5076906552273776e-07,
      "tail_response_bound": 3.540797091236553e-07,
      "nonlinear_guard": 1.1873867901939318e-07,
      "failure_reasons": [
        "finite_contraction_q_not_below_one",
        "analytic_radii_margin_not_safely_positive"
      ]
    },
    {
      "path": "artifacts/proof_audit/lower_corridor/phase2u_micro/collar_012b1/phase2p/phase2u_collar_012b1_p0036_modewise_tail_candidate.json",
      "K_lo": 0.96632036875,
      "K_hi": 0.966322523438,
      "theorem_facing": false,
      "promotion_allowed": false,
      "closure_level": "phase2p_modewise_tail_not_closed",
      "failure_fields": [
        "phase2p_modewise_tail_not_theorem_ready"
      ],
      "theorem_ready": false,
      "model_name": "strict_modewise_tail_from_strict_source_tail_radius_x1_08_sg1.000e-07_os16_cut1536",
      "sigma": 1e-07,
      "radius_r": 9.739213363964794e-07,
      "radius_multiplier": null,
      "finite_contraction_q": 1.0230340527215682,
      "tail_cutoff": 1536,
      "radii_margin": -2.404690286231148e-08,
      "tail_T": 4.757296729282755e-07,
      "allowable_tail_max": 4.5168377006596396e-07,
      "tail_response_bound": 3.5679431443984847e-07,
      "nonlinear_guard": 1.1893535848842699e-07,
      "failure_reasons": [
        "finite_contraction_q_not_below_one",
        "analytic_radii_margin_not_safely_positive"
      ]
    },
    {
      "path": "artifacts/proof_audit/lower_corridor/phase2u_micro/collar_012b1/phase2p/phase2u_collar_012b1_p0035_modewise_tail_candidate.json",
      "K_lo": 0.966318414062,
      "K_hi": 0.96632056875,
      "theorem_facing": false,
      "promotion_allowed": false,
      "closure_level": "phase2p_modewise_tail_not_closed",
      "failure_fields": [
        "phase2p_modewise_tail_not_theorem_ready"
      ],
      "theorem_ready": false,
      "model_name": "strict_modewise_tail_from_strict_source_tail_radius_x1_16_sg1.000e-07_os16_cut1536",
      "sigma": 1e-07,
      "radius_r": 9.64729559023411e-07,
      "radius_multiplier": null,
      "finite_contraction_q": 1.0130363442044559,
      "tail_cutoff": 1536,
      "radii_margin": -2.572389928504181e-08,
      "tail_T": 4.777659064974707e-07,
      "allowable_tail_max": 4.52043007212429e-07,
      "tail_response_bound": 3.5874727541090375e-07,
      "nonlinear_guard": 1.1901863108656698e-07,
      "failure_reasons": [
        "finite_contraction_q_not_below_one",
        "analytic_radii_margin_not_safely_positive"
      ]
    }
  ]
}
