{
  "attempt_count": 1,
  "best": {
    "K_mid": 0.966252104688,
    "N": 1024,
    "elapsed_seconds": 10.458331823348999,
    "failure_reasons": [
      "analytic_radii_margin_not_safely_positive"
    ],
    "finite_radii_margin": 1.8013102850567587e-07,
    "linear_Z": 0.10439050855105264,
    "oversample_factor": 16,
    "path": "artifacts/proof_audit/lower_corridor/phase2n_probes/phase2n_collar_012b1_d00_p0000_d01_p0000_N1024_os16_sg0p0001.json",
    "radii_margin": -2.3676198684916242e-05,
    "radius_r": 2.011269770502661e-07,
    "residual_Y": 3.1472966671836824e-08,
    "segment_id": "phase2n_collar_012b1_d00_p0000_d01_p0000",
    "sigma_cap": 0.0001,
    "sigma_used": 0.0001,
    "source_theorem_margin": -2.7147802988970634e-05,
    "status": "phase2n-diagnostic-single-N",
    "tail_T": 2.3824855947877058e-05,
    "theorem_ready": false
  },
  "best_candidate_path": "artifacts/proof_audit/lower_corridor/phase2n_probes/phase2n_collar_012b1_d00_p0000_d01_p0000_best_single_segment_candidate.json",
  "csv_path": "tables/proof_audit/lower_corridor/phase2n_probes/phase2n_collar_012b1_d00_p0000_d01_p0000_phase2n_batch_summary.csv",
  "summary_path": "artifacts/proof_audit/lower_corridor/phase2n_probes/phase2n_collar_012b1_d00_p0000_d01_p0000_phase2n_batch_summary.json",
  "theorem_ready_count": 0
}
