================================================================================
Phase 2W radius-shell rescue: collar_012b1_v256
target interval: [0.9662501, 0.9663752]
pieces total: 256; selected: 1; workers: 1; profile: shell
================================================================================
[not-closed] piece 0005 phase2w_collar_012b1_v256_p0005 margin=None q=None model=None

Phase 2W complete.
{
  "status": "phase2w-incomplete",
  "closed_count": 0,
  "pending_count": 1,
  "summary_path": "artifacts/proof_audit/lower_corridor/phase2w_shell/collar_012b1_v256/phase2w_collar_012b1_v256_run_summary.json",
  "csv_path": "tables/proof_audit/lower_corridor/phase2w_shell/collar_012b1_v256/phase2w_collar_012b1_v256_pieces.csv",
  "best_failed_rows": [
    {
      "index": 5,
      "label": "collar_012b1_v256_p0005",
      "segment_id": "phase2w_collar_012b1_v256_p0005",
      "base_K_lo": "0.966252543359375",
      "base_K_hi": "0.96625303203125",
      "K_lo": "0.966252443359375",
      "K_hi": "0.96625313203125",
      "K_mid": "0.9662527876953125",
      "closed": false,
      "ready_candidate": "artifacts/proof_audit/lower_corridor/phase2w_shell/collar_012b1_v256/ready/phase2w_collar_012b1_v256_p0005_THEOREM_READY_candidate.json"
    }
  ]
}
