{
  "attempt_count": 1,
  "best": {
    "K_mid": 0.966347834375,
    "N": 1024,
    "elapsed_seconds": 9.581578731536865,
    "failure_reasons": [
      "analytic_radii_margin_not_safely_positive"
    ],
    "finite_radii_margin": 4.622796422777474e-07,
    "linear_Z": 0.4225636794051622,
    "oversample_factor": 16,
    "path": "artifacts/proof_audit/lower_corridor/phase2n_probes/phase2n_collar_012b1_d00_p0012_N1024_os16_sg0p0001.json",
    "radii_margin": -2.5206232455208655e-05,
    "radius_r": 8.008746738483102e-07,
    "residual_Y": 3.3230430676705764e-08,
    "segment_id": "phase2n_collar_012b1_d00_p0012",
    "sigma_cap": 0.0001,
    "sigma_used": 0.0001,
    "source_theorem_margin": -2.8803211395176807e-05,
    "status": "phase2n-diagnostic-single-N",
    "tail_T": 2.563545514945651e-05,
    "theorem_ready": false
  },
  "best_candidate_path": "artifacts/proof_audit/lower_corridor/phase2n_probes/phase2n_collar_012b1_d00_p0012_best_single_segment_candidate.json",
  "csv_path": "tables/proof_audit/lower_corridor/phase2n_probes/phase2n_collar_012b1_d00_p0012_phase2n_batch_summary.csv",
  "summary_path": "artifacts/proof_audit/lower_corridor/phase2n_probes/phase2n_collar_012b1_d00_p0012_phase2n_batch_summary.json",
  "theorem_ready_count": 0
}
