{
  "status": "phase2q-chain-theorem-ready",
  "theorem_facing": true,
  "promotion_allowed": true,
  "closure_level": "phase2q_collar_chain_closure",
  "segment_count": 2,
  "covered_K_lo": 0.9600001,
  "covered_K_hi": 0.9610002,
  "min_segment_margin": 3.0994989431743516e-07,
  "min_tail_slack": 3.099508943174351e-07,
  "min_overlap": 1.0000000005838672e-07,
  "final_anchor_reached": true,
  "expected_start_satisfied": true,
  "expected_end_satisfied": true,
  "regime_i_handoff_satisfied": true,
  "failure_fields": []
}
wrote report: artifacts/proof_audit/lower_corridor/phase2q_chain/phase2q_collar_000_001_chain_audit.json
wrote csv: tables/proof_audit/lower_corridor/phase2q_chain/phase2q_collar_000_001_chain_segments.csv
wrote candidate: artifacts/proof_audit/lower_corridor/phase2q_chain/phase2q_collar_000_001_chain_candidate.json
