{
  "status": "phase2p-diagnostic-modewise-tail-not-closed",
  "theorem_ready_count": 0,
  "theorem_eligible_count": 3936,
  "best_theorem_eligible": {
    "model_name": "strict_modewise_tail_from_strict_source_tail_radius_x6_sg1.000e-07_os16_cut1536",
    "tail_model": "strict_modewise_geometric_tail_response",
    "theorem_ready": false,
    "sigma": 1e-07,
    "tail_cutoff": 1536,
    "radii_margin": -1.1286723428212637e-07,
    "tail_T": 4.508999480285157e-07,
    "allowable_tail_max": 3.380337137463894e-07,
    "tail_response_bound": 3.602583997710147e-07,
    "nonlinear_guard": 9.064154825750101e-08,
    "failure_reasons": [
      "analytic_radii_margin_not_safely_positive"
    ]
  },
  "conclusion": {
    "closed": false,
    "recommended_next_step": "if_modewise_tail_fails_change_the_lower_norm_or_recompute_a_better_finite_inverse",
    "message": "No theorem-eligible modewise tail row closed.",
    "best_eligible_margin": -1.1286723428212637e-07,
    "best_eligible_tail_T": 4.508999480285157e-07,
    "best_eligible_allowable_tail_max": 3.380337137463894e-07
  }
}
wrote report: artifacts/proof_audit/lower_corridor/phase2p_modewise_tail/phase2p_collar_012b1_d00_p0013_modewise_tail_scan.json
wrote csv: tables/proof_audit/lower_corridor/phase2p_modewise_tail/phase2p_collar_012b1_d00_p0013_modewise_tail_scan.csv
wrote candidate: artifacts/proof_audit/lower_corridor/phase2p_modewise_tail/phase2p_collar_012b1_d00_p0013_modewise_tail_candidate.json
