{
  "attempt_count": 1,
  "best": {
    "K_mid": 0.966300921875,
    "N": 1024,
    "elapsed_seconds": 9.281068086624146,
    "failure_reasons": [
      "analytic_radii_margin_not_safely_positive"
    ],
    "finite_radii_margin": 3.458381068209323e-07,
    "linear_Z": 0.23731752765437572,
    "oversample_factor": 16,
    "path": "artifacts/proof_audit/lower_corridor/phase2n_probes/phase2n_collar_012b1_d00_p0006_N1024_os16_sg0p0001.json",
    "radii_margin": -2.481641760183193e-05,
    "radius_r": 4.534502532981539e-07,
    "residual_Y": 3.235770504054386e-08,
    "segment_id": "phase2n_collar_012b1_d00_p0006",
    "sigma_cap": 0.0001,
    "sigma_used": 0.0001,
    "source_theorem_margin": -2.8345120667563304e-05,
    "status": "phase2n-diagnostic-single-N",
    "tail_T": 2.5129897457062573e-05,
    "theorem_ready": false
  },
  "best_candidate_path": "artifacts/proof_audit/lower_corridor/phase2n_probes/phase2n_collar_012b1_d00_p0006_best_single_segment_candidate.json",
  "csv_path": "tables/proof_audit/lower_corridor/phase2n_probes/phase2n_collar_012b1_d00_p0006_phase2n_batch_summary.csv",
  "summary_path": "artifacts/proof_audit/lower_corridor/phase2n_probes/phase2n_collar_012b1_d00_p0006_phase2n_batch_summary.json",
  "theorem_ready_count": 0
}
