{
  "attempt_count": 1,
  "best": {
    "K_mid": 0.966269646875,
    "N": 1024,
    "elapsed_seconds": 9.428464412689209,
    "failure_reasons": [
      "analytic_radii_margin_not_safely_positive"
    ],
    "finite_radii_margin": 2.0528504779234528e-07,
    "linear_Z": 0.12166910679788687,
    "oversample_factor": 16,
    "path": "artifacts/proof_audit/lower_corridor/phase2n_probes/phase2n_collar_012b1_d00_p0002_N1024_os16_sg0p0001.json",
    "radii_margin": -2.4285685322493323e-05,
    "radius_r": 2.3372203244038626e-07,
    "residual_Y": 3.1787979330914103e-08,
    "segment_id": "phase2n_collar_012b1_d00_p0002",
    "sigma_cap": 0.0001,
    "sigma_used": 0.0001,
    "source_theorem_margin": -2.7786100244666488e-05,
    "status": "phase2n-diagnostic-single-N",
    "tail_T": 2.445918162467679e-05,
    "theorem_ready": false
  },
  "best_candidate_path": "artifacts/proof_audit/lower_corridor/phase2n_probes/phase2n_collar_012b1_d00_p0002_best_single_segment_candidate.json",
  "csv_path": "tables/proof_audit/lower_corridor/phase2n_probes/phase2n_collar_012b1_d00_p0002_phase2n_batch_summary.csv",
  "summary_path": "artifacts/proof_audit/lower_corridor/phase2n_probes/phase2n_collar_012b1_d00_p0002_phase2n_batch_summary.json",
  "theorem_ready_count": 0
}
