{
  "attempt_count": 1,
  "best": {
    "K_mid": 0.966365376562,
    "N": 1024,
    "elapsed_seconds": 10.458715677261353,
    "failure_reasons": [
      "analytic_radii_margin_not_safely_positive"
    ],
    "finite_radii_margin": 3.3415536056837274e-07,
    "linear_Z": 0.2295416021690498,
    "oversample_factor": 16,
    "path": "artifacts/proof_audit/lower_corridor/phase2n_probes/phase2n_collar_012b1_d00_p0014_d01_p0001_N1024_os16_sg0p0001.json",
    "radii_margin": -2.585712392813825e-05,
    "radius_r": 4.337103667368399e-07,
    "residual_Y": 3.3563287289178944e-08,
    "segment_id": "phase2n_collar_012b1_d00_p0014_d01_p0001",
    "sigma_cap": 0.0001,
    "sigma_used": 0.0001,
    "source_theorem_margin": -2.9522973723737274e-05,
    "status": "phase2n-diagnostic-single-N",
    "tail_T": 2.615771543512781e-05,
    "theorem_ready": false
  },
  "best_candidate_path": "artifacts/proof_audit/lower_corridor/phase2n_probes/phase2n_collar_012b1_d00_p0014_d01_p0001_best_single_segment_candidate.json",
  "csv_path": "tables/proof_audit/lower_corridor/phase2n_probes/phase2n_collar_012b1_d00_p0014_d01_p0001_phase2n_batch_summary.csv",
  "summary_path": "artifacts/proof_audit/lower_corridor/phase2n_probes/phase2n_collar_012b1_d00_p0014_d01_p0001_phase2n_batch_summary.json",
  "theorem_ready_count": 0
}
