{
  "attempt_count": 1,
  "best": {
    "K_mid": 0.966332196875,
    "N": 1024,
    "elapsed_seconds": 9.689453363418579,
    "failure_reasons": [
      "analytic_radii_margin_not_safely_positive"
    ],
    "finite_radii_margin": 4.703934107998094e-07,
    "linear_Z": 0.45022999405679753,
    "oversample_factor": 16,
    "path": "artifacts/proof_audit/lower_corridor/phase2n_probes/phase2n_collar_012b1_d00_p0010_N1024_os16_sg0p0001.json",
    "radii_margin": -2.4880936388028683e-05,
    "radius_r": 8.556362454730658e-07,
    "residual_Y": 3.293700436903027e-08,
    "segment_id": "phase2n_collar_012b1_d00_p0010",
    "sigma_cap": 0.0001,
    "sigma_used": 0.0001,
    "source_theorem_margin": -2.8443042268369945e-05,
    "status": "phase2n-diagnostic-single-N",
    "tail_T": 2.53184015274186e-05,
    "theorem_ready": false
  },
  "best_candidate_path": "artifacts/proof_audit/lower_corridor/phase2n_probes/phase2n_collar_012b1_d00_p0010_best_single_segment_candidate.json",
  "csv_path": "tables/proof_audit/lower_corridor/phase2n_probes/phase2n_collar_012b1_d00_p0010_phase2n_batch_summary.csv",
  "summary_path": "artifacts/proof_audit/lower_corridor/phase2n_probes/phase2n_collar_012b1_d00_p0010_phase2n_batch_summary.json",
  "theorem_ready_count": 0
}
