{
  "status": "phase2p-theorem-ready-modewise-tail-closure",
  "theorem_ready_count": 40,
  "theorem_eligible_count": 40,
  "best_theorem_eligible": {
    "model_name": "strict_modewise_tail_sg1.000e-06_os16_cut2048",
    "tail_model": "strict_modewise_geometric_tail_response",
    "theorem_ready": true,
    "sigma": 1e-06,
    "tail_cutoff": 2048,
    "radii_margin": 5.624666168071611e-07,
    "tail_T": 2.3287330907713803e-07,
    "allowable_tail_max": 7.953409258842993e-07,
    "tail_response_bound": 3.3862761632253744e-08,
    "nonlinear_guard": 1.990105474448843e-07,
    "failure_reasons": []
  },
  "conclusion": {
    "closed": true,
    "recommended_next_step": "export_phase2p_candidate_and_merge_collar_000_then_propagate_phase2p_to_the_next_collar_segment",
    "message": "A theorem-eligible modewise tail row has positive outward-rounded margin.",
    "best_ready_margin": 5.624666168071611e-07,
    "best_ready_tail_T": 2.3287330907713803e-07,
    "best_ready_allowable_tail_max": 7.953409258842993e-07
  }
}
wrote report: artifacts/proof_audit/lower_corridor/phase2p_modewise_tail/phase2p_collar_000_modewise_tail_scan.json
wrote csv: tables/proof_audit/lower_corridor/phase2p_modewise_tail/phase2p_collar_000_modewise_tail_scan.csv
wrote candidate: artifacts/proof_audit/lower_corridor/phase2p_modewise_tail/phase2p_collar_000_modewise_tail_candidate.json
