{
  "attempt_count": 1,
  "best": {
    "K_mid": 0.966318464062,
    "N": 1024,
    "elapsed_seconds": 10.160066366195679,
    "failure_reasons": [
      "analytic_radii_margin_not_safely_positive"
    ],
    "finite_radii_margin": 4.762297320647274e-07,
    "linear_Z": 0.4976709414487138,
    "oversample_factor": 16,
    "path": "artifacts/proof_audit/lower_corridor/phase2n_probes/phase2n_collar_012b1_d00_p0008_d01_p0001_N1024_os16_sg0p0001.json",
    "radii_margin": -2.495170065540379e-05,
    "radius_r": 9.480471475551661e-07,
    "residual_Y": 3.268152142007402e-08,
    "segment_id": "phase2n_collar_012b1_d00_p0008_d01_p0001",
    "sigma_cap": 0.0001,
    "sigma_used": 0.0001,
    "source_theorem_margin": -2.8483865287725746e-05,
    "status": "phase2n-diagnostic-single-N",
    "tail_T": 2.5395249765077337e-05,
    "theorem_ready": false
  },
  "best_candidate_path": "artifacts/proof_audit/lower_corridor/phase2n_probes/phase2n_collar_012b1_d00_p0008_d01_p0001_best_single_segment_candidate.json",
  "csv_path": "tables/proof_audit/lower_corridor/phase2n_probes/phase2n_collar_012b1_d00_p0008_d01_p0001_phase2n_batch_summary.csv",
  "summary_path": "artifacts/proof_audit/lower_corridor/phase2n_probes/phase2n_collar_012b1_d00_p0008_d01_p0001_phase2n_batch_summary.json",
  "theorem_ready_count": 0
}
