{
  "attempt_count": 1,
  "best": {
    "K_mid": 0.9602501,
    "N": 1024,
    "elapsed_seconds": 14.43040156364441,
    "failure_reasons": [
      "analytic_radii_margin_not_safely_positive"
    ],
    "finite_radii_margin": 7.960421897795372e-07,
    "linear_Z": 0.4759687998839275,
    "oversample_factor": 16,
    "path": "artifacts/proof_audit/lower_corridor/phase2n_probes/phase2n_collar_000_full_os16_N1024_os16_sg0p0001.json",
    "radii_margin": -1.8035234470821942e-06,
    "radius_r": 1.519093619540313e-06,
    "residual_Y": 9.698557564462817e-10,
    "segment_id": "phase2n_collar_000_full_os16",
    "sigma_cap": 0.0001,
    "sigma_used": 0.0001,
    "source_theorem_margin": -1.7142718978103292e-06,
    "status": "phase2n-diagnostic-single-N",
    "tail_T": 2.598605043862127e-06,
    "theorem_ready": false
  },
  "best_candidate_path": "artifacts/proof_audit/lower_corridor/phase2n_probes/phase2n_collar_000_full_os16_best_single_segment_candidate.json",
  "csv_path": "tables/proof_audit/lower_corridor/phase2n_probes/phase2n_collar_000_full_os16_phase2n_batch_summary.csv",
  "summary_path": "artifacts/proof_audit/lower_corridor/phase2n_probes/phase2n_collar_000_full_os16_phase2n_batch_summary.json",
  "theorem_ready_count": 0
}
