{
  "attempt_count": 1,
  "best": {
    "K_mid": 0.966340015625,
    "N": 1024,
    "elapsed_seconds": 9.064323663711548,
    "failure_reasons": [
      "analytic_radii_margin_not_safely_positive"
    ],
    "finite_radii_margin": 4.713989146817333e-07,
    "linear_Z": 0.4600244996618479,
    "oversample_factor": 16,
    "path": "artifacts/proof_audit/lower_corridor/phase2n_probes/phase2n_collar_012b1_d00_p0011_N1024_os16_sg0p0001.json",
    "radii_margin": -2.5401118126506887e-05,
    "radius_r": 8.730625913739753e-07,
    "residual_Y": 3.308396661428585e-08,
    "segment_id": "phase2n_collar_012b1_d00_p0011",
    "sigma_cap": 0.0001,
    "sigma_used": 0.0001,
    "source_theorem_margin": -2.897930183577425e-05,
    "status": "phase2n-diagnostic-single-N",
    "tail_T": 2.5839465569496286e-05,
    "theorem_ready": false
  },
  "best_candidate_path": "artifacts/proof_audit/lower_corridor/phase2n_probes/phase2n_collar_012b1_d00_p0011_best_single_segment_candidate.json",
  "csv_path": "tables/proof_audit/lower_corridor/phase2n_probes/phase2n_collar_012b1_d00_p0011_phase2n_batch_summary.csv",
  "summary_path": "artifacts/proof_audit/lower_corridor/phase2n_probes/phase2n_collar_012b1_d00_p0011_phase2n_batch_summary.json",
  "theorem_ready_count": 0
}
