{
  "attempt_count": 1,
  "best": {
    "K_mid": 0.966277465625,
    "N": 1024,
    "elapsed_seconds": 9.605257511138916,
    "failure_reasons": [
      "analytic_radii_margin_not_safely_positive"
    ],
    "finite_radii_margin": 1.879037161029817e-07,
    "linear_Z": 0.1100610954107197,
    "oversample_factor": 16,
    "path": "artifacts/proof_audit/lower_corridor/phase2n_probes/phase2n_collar_012b1_d00_p0003_N1024_os16_sg0p0001.json",
    "radii_margin": -2.4571398983193762e-05,
    "radius_r": 2.1114250234088194e-07,
    "residual_Y": 3.1929329729368904e-08,
    "segment_id": "phase2n_collar_012b1_d00_p0003",
    "sigma_cap": 0.0001,
    "sigma_used": 0.0001,
    "source_theorem_margin": -2.8091913910489332e-05,
    "status": "phase2n-diagnostic-single-N",
    "tail_T": 2.4727372580709878e-05,
    "theorem_ready": false
  },
  "best_candidate_path": "artifacts/proof_audit/lower_corridor/phase2n_probes/phase2n_collar_012b1_d00_p0003_best_single_segment_candidate.json",
  "csv_path": "tables/proof_audit/lower_corridor/phase2n_probes/phase2n_collar_012b1_d00_p0003_phase2n_batch_summary.csv",
  "summary_path": "artifacts/proof_audit/lower_corridor/phase2n_probes/phase2n_collar_012b1_d00_p0003_phase2n_batch_summary.json",
  "theorem_ready_count": 0
}
