{
  "attempt_count": 1,
  "best": {
    "K_mid": 0.966322473437,
    "N": 1024,
    "elapsed_seconds": 10.548986434936523,
    "failure_reasons": [
      "analytic_radii_margin_not_safely_positive"
    ],
    "finite_radii_margin": 4.7519792098137295e-07,
    "linear_Z": 0.48066801974774,
    "oversample_factor": 16,
    "path": "artifacts/proof_audit/lower_corridor/phase2n_probes/phase2n_collar_012b1_d00_p0009_d01_p0000_N1024_os16_sg0p0001.json",
    "radii_margin": -2.5016074884254826e-05,
    "radius_r": 9.15022631258086e-07,
    "residual_Y": 3.2755844216211376e-08,
    "segment_id": "phase2n_collar_012b1_d00_p0009_d01_p0000",
    "sigma_cap": 0.0001,
    "sigma_used": 0.0001,
    "source_theorem_margin": -2.8556789934126376e-05,
    "status": "phase2n-diagnostic-single-N",
    "tail_T": 2.5458518555105508e-05,
    "theorem_ready": false
  },
  "best_candidate_path": "artifacts/proof_audit/lower_corridor/phase2n_probes/phase2n_collar_012b1_d00_p0009_d01_p0000_best_single_segment_candidate.json",
  "csv_path": "tables/proof_audit/lower_corridor/phase2n_probes/phase2n_collar_012b1_d00_p0009_d01_p0000_phase2n_batch_summary.csv",
  "summary_path": "artifacts/proof_audit/lower_corridor/phase2n_probes/phase2n_collar_012b1_d00_p0009_d01_p0000_phase2n_batch_summary.json",
  "theorem_ready_count": 0
}
