
$ /pscratch/sd/s/suryact/phase2k_venv/bin/python scripts/audit/run_lower_anchor_phase2p_modewise_tail_scan.py --input artifacts/proof_audit/lower_corridor/phase2o_tail_radius/phase2o_collar_012_tail_radius_candidate.json --out artifacts/proof_audit/lower_corridor/phase2p_modewise_tail/phase2p_collar_012_modewise_tail_scan.json --csv tables/proof_audit/lower_corridor/phase2p_modewise_tail/phase2p_collar_012_modewise_tail_scan.csv --candidate-out artifacts/proof_audit/lower_corridor/phase2p_modewise_tail/phase2p_collar_012_modewise_tail_candidate.json --sigma-values 0.0001,0.000075,0.00005,0.000025,0.00001,0.000005,0.0000025,0.000001 --tail-cutoffs 1024,2048,4096,8192,16384 --oversample-factors 16
{
  "status": "phase2p-diagnostic-modewise-tail-not-closed",
  "theorem_ready_count": 0,
  "theorem_eligible_count": 800,
  "best_theorem_eligible": {
    "model_name": "strict_modewise_tail_from_strict_source_tail_radius_x3_sg1.000e-06_os16_cut2048",
    "tail_model": "strict_modewise_geometric_tail_response",
    "theorem_ready": false,
    "sigma": 1e-06,
    "tail_cutoff": 2048,
    "radii_margin": -8.802472738458641e-09,
    "tail_T": 4.668952304562231e-07,
    "allowable_tail_max": 4.5809375771776457e-07,
    "tail_response_bound": 3.465798544313232e-07,
    "nonlinear_guard": 1.2031537602489993e-07,
    "failure_reasons": [
      "finite_contraction_q_not_below_one",
      "analytic_radii_margin_not_safely_positive"
    ]
  },
  "conclusion": {
    "closed": false,
    "recommended_next_step": "if_modewise_tail_fails_change_the_lower_norm_or_recompute_a_better_finite_inverse",
    "message": "No theorem-eligible modewise tail row closed.",
    "best_eligible_margin": -8.802472738458641e-09,
    "best_eligible_tail_T": 4.668952304562231e-07,
    "best_eligible_allowable_tail_max": 4.5809375771776457e-07
  }
}
wrote report: artifacts/proof_audit/lower_corridor/phase2p_modewise_tail/phase2p_collar_012_modewise_tail_scan.json
wrote csv: tables/proof_audit/lower_corridor/phase2p_modewise_tail/phase2p_collar_012_modewise_tail_scan.csv
wrote candidate: artifacts/proof_audit/lower_corridor/phase2p_modewise_tail/phase2p_collar_012_modewise_tail_candidate.json
