{
  "attempt_count": 1,
  "best": {
    "K_mid": 0.966353748437,
    "N": 1024,
    "elapsed_seconds": 10.404455661773682,
    "failure_reasons": [
      "analytic_radii_margin_not_safely_positive"
    ],
    "finite_radii_margin": 2.5701523265668624e-07,
    "linear_Z": 0.16198922799172166,
    "oversample_factor": 16,
    "path": "artifacts/proof_audit/lower_corridor/phase2n_probes/phase2n_collar_012b1_d00_p0013_d01_p0000_N1024_os16_sg0p0001.json",
    "radii_margin": -2.5155110766246316e-05,
    "radius_r": 3.0669717853140655e-07,
    "residual_Y": 3.3342478618581956e-08,
    "segment_id": "phase2n_collar_012b1_d00_p0013_d01_p0000",
    "sigma_cap": 0.0001,
    "sigma_used": 0.0001,
    "source_theorem_margin": -2.8815674757856205e-05,
    "status": "phase2n-diagnostic-single-N",
    "tail_T": 2.53787828269816e-05,
    "theorem_ready": false
  },
  "best_candidate_path": "artifacts/proof_audit/lower_corridor/phase2n_probes/phase2n_collar_012b1_d00_p0013_d01_p0000_best_single_segment_candidate.json",
  "csv_path": "tables/proof_audit/lower_corridor/phase2n_probes/phase2n_collar_012b1_d00_p0013_d01_p0000_phase2n_batch_summary.csv",
  "summary_path": "artifacts/proof_audit/lower_corridor/phase2n_probes/phase2n_collar_012b1_d00_p0013_d01_p0000_phase2n_batch_summary.json",
  "theorem_ready_count": 0
}
