
================================================================================
COLLAR 003: [0.9615001, 0.9620002], mid=0.96175015, partial=False
================================================================================
[seed] collar 003 uses seed: artifacts/proof_audit/lower_corridor/phase2n_probes/phase2n_collar_002_N1024_os16_sg0p0001.json

$ /pscratch/sd/s/suryact/phase2k_venv/bin/python scripts/audit/run_lower_anchor_phase2n_batch.py --segment-id phase2n_collar_003 --K-lo 0.9615001 --K-hi 0.9620002 --K-mid 0.96175015 --N-values 1024 --oversample-factors 16 --sigma-caps 0.0001 --timeout-seconds 1200.0 --skip-existing --seed-json artifacts/proof_audit/lower_corridor/phase2n_probes/phase2n_collar_002_N1024_os16_sg0p0001.json

{
  "attempt_count": 1,
  "best": {
    "K_mid": 0.96175015,
    "N": 1024,
    "elapsed_seconds": 14.465860366821289,
    "failure_reasons": [
      "analytic_radii_margin_not_safely_positive"
    ],
    "finite_radii_margin": 7.32029358412853e-07,
    "linear_Z": 0.4445448507305328,
    "oversample_factor": 16,
    "path": "artifacts/proof_audit/lower_corridor/phase2n_probes/phase2n_collar_003_N1024_os16_sg0p0001.json",
    "radii_margin": -3.3664046158571342e-06,
    "radius_r": 1.3178943873352721e-06,
    "residual_Y": 2.3301358817538973e-09,
    "segment_id": "phase2n_collar_003",
    "sigma_cap": 0.0001,
    "sigma_used": 0.0001,
    "source_theorem_margin": -3.4462491917654607e-06,
    "status": "phase2n-diagnostic-single-N",
    "tail_T": 4.096104703614087e-06,
    "theorem_ready": false
  },
  "best_candidate_path": "artifacts/proof_audit/lower_corridor/phase2n_probes/phase2n_collar_003_best_single_segment_candidate.json",
  "csv_path": "tables/proof_audit/lower_corridor/phase2n_probes/phase2n_collar_003_phase2n_batch_summary.csv",
  "summary_path": "artifacts/proof_audit/lower_corridor/phase2n_probes/phase2n_collar_003_phase2n_batch_summary.json",
  "theorem_ready_count": 0
}

$ /pscratch/sd/s/suryact/phase2k_venv/bin/python scripts/audit/run_lower_anchor_phase2o_radius_tail_scan.py --input artifacts/proof_audit/lower_corridor/phase2n_probes/phase2n_collar_003_phase2n_batch_summary.json --out artifacts/proof_audit/lower_corridor/phase2o_tail_radius/phase2o_collar_003_tail_radius_scan.json --csv tables/proof_audit/lower_corridor/phase2o_tail_radius/phase2o_collar_003_tail_radius_scan.csv --candidate-out artifacts/proof_audit/lower_corridor/phase2o_tail_radius/phase2o_collar_003_tail_radius_candidate.json --radius-multipliers 1.0,1.02,1.05 --sigma-values 0.0001,0.00001,0.000005,0.0000025,0.000001 --tail-band-fractions 0.5,0.65,0.75,0.85 --tail-safety-factors 2,4,8,16

{
  "status": "phase2o-diagnostic-tail-radius-not-closed",
  "theorem_ready_count": 0,
  "theorem_eligible_count": 8,
  "diagnostic_ready_count": 0,
  "best_theorem_eligible": {
    "model_name": "strict_sigma_override_sg1.000e-06",
    "tail_model": "strict_cauchy_tail_sigma_override",
    "radii_margin": -2.272044458602814e-06,
    "sigma": 1e-06,
    "radius_multiplier": 1.0,
    "tail_T": 3.0023632013984605e-06,
    "allowable_tail_max": 7.303197427956462e-07,
    "finite_contraction_q": 0.8890897014610656,
    "failure_reasons": [
      "analytic_radii_margin_not_safely_positive"
    ]
  },
  "best_diagnostic": {
    "model_name": "diag_highmode_sg1.000e-04_b0.85_sf2",
    "tail_model": "diagnostic_high_mode_envelope_tail",
    "radii_margin": -0.015059149407429383,
    "sigma": 0.0001,
    "tail_T": 0.01505987910751714,
    "allowable_tail_max": 7.297010877569527e-07,
    "failure_reasons": [
      "diagnostic_margin_not_positive"
    ]
  },
  "conclusion": {
    "closed": false,
    "recommended_next_step": "inspect_best_diagnostic_tail_rows_then_implement_a_sharper_tail_lemma_or_change_the_lower_norm",
    "message": "No theorem-eligible tail/radius row closed.  The report identifies whether radius inflation is blocked by finite contraction and whether diagnostic tail models would close.",
    "best_eligible_margin": -2.272044458602814e-06,
    "best_eligible_tail_T": 3.0023632013984605e-06,
    "best_eligible_allowable_tail_max": 7.303197427956462e-07,
    "radius_inflation_blocked_by_finite_contraction": false,
    "source_samples": {
      "source_validation_present": true,
      "has_u": true,
      "N_from_u": 1024,
      "lambda_value": -1.4831215723749229e-18
    }
  }
}
wrote report: artifacts/proof_audit/lower_corridor/phase2o_tail_radius/phase2o_collar_003_tail_radius_scan.json
wrote csv: tables/proof_audit/lower_corridor/phase2o_tail_radius/phase2o_collar_003_tail_radius_scan.csv
wrote candidate: artifacts/proof_audit/lower_corridor/phase2o_tail_radius/phase2o_collar_003_tail_radius_candidate.json

$ /pscratch/sd/s/suryact/phase2k_venv/bin/python scripts/audit/run_lower_anchor_phase2p_modewise_tail_scan.py --input artifacts/proof_audit/lower_corridor/phase2o_tail_radius/phase2o_collar_003_tail_radius_candidate.json --out artifacts/proof_audit/lower_corridor/phase2p_modewise_tail/phase2p_collar_003_modewise_tail_scan.json --csv tables/proof_audit/lower_corridor/phase2p_modewise_tail/phase2p_collar_003_modewise_tail_scan.csv --candidate-out artifacts/proof_audit/lower_corridor/phase2p_modewise_tail/phase2p_collar_003_modewise_tail_candidate.json --sigma-values 0.0001,0.000075,0.00005,0.000025,0.00001,0.000005,0.0000025,0.000001 --tail-cutoffs 1024,2048,4096,8192,16384 --oversample-factors 16

{
  "status": "phase2p-theorem-ready-modewise-tail-closure",
  "theorem_ready_count": 40,
  "theorem_eligible_count": 40,
  "best_theorem_eligible": {
    "model_name": "strict_modewise_tail_sg1.000e-06_os16_cut2048",
    "tail_model": "strict_modewise_geometric_tail_response",
    "theorem_ready": true,
    "sigma": 1e-06,
    "tail_cutoff": 2048,
    "radii_margin": 4.917828511659461e-07,
    "tail_T": 2.3853589162970006e-07,
    "allowable_tail_max": 7.303197427956462e-07,
    "tail_response_bound": 5.5528552026486836e-08,
    "nonlinear_guard": 1.8300733960321325e-07,
    "failure_reasons": []
  },
  "conclusion": {
    "closed": true,
    "recommended_next_step": "export_phase2p_candidate_and_merge_collar_000_then_propagate_phase2p_to_the_next_collar_segment",
    "message": "A theorem-eligible modewise tail row has positive outward-rounded margin.",
    "best_ready_margin": 4.917828511659461e-07,
    "best_ready_tail_T": 2.3853589162970006e-07,
    "best_ready_allowable_tail_max": 7.303197427956462e-07
  }
}
wrote report: artifacts/proof_audit/lower_corridor/phase2p_modewise_tail/phase2p_collar_003_modewise_tail_scan.json
wrote csv: tables/proof_audit/lower_corridor/phase2p_modewise_tail/phase2p_collar_003_modewise_tail_scan.csv
wrote candidate: artifacts/proof_audit/lower_corridor/phase2p_modewise_tail/phase2p_collar_003_modewise_tail_candidate.json
[promote] collar 003: artifacts/proof_audit/lower_corridor/phase2p_modewise_tail/phase2p_collar_003_THEOREM_READY_candidate.json

$ /pscratch/sd/s/suryact/phase2k_venv/bin/python scripts/audit/run_lower_anchor_phase2q_chain_assembler.py --candidate artifacts/proof_audit/lower_corridor/phase2p_modewise_tail/phase2p_collar_000_FULL_THEOREM_READY_candidate.json --candidate artifacts/proof_audit/lower_corridor/phase2p_modewise_tail/phase2p_collar_001_THEOREM_READY_candidate.json --candidate artifacts/proof_audit/lower_corridor/phase2p_modewise_tail/phase2p_collar_002_THEOREM_READY_candidate.json --candidate artifacts/proof_audit/lower_corridor/phase2p_modewise_tail/phase2p_collar_003_THEOREM_READY_candidate.json --expected-start 0.9600001 --expected-end 0.9620002 --expected-regime-i-hi 0.9600001 --overlap-tolerance 1e-10 --out artifacts/proof_audit/lower_corridor/phase2q_chain/phase2q_collar_000_003_chain_audit.json --csv tables/proof_audit/lower_corridor/phase2q_chain/phase2q_collar_000_003_chain_segments.csv --candidate-out artifacts/proof_audit/lower_corridor/phase2q_chain/phase2q_collar_000_003_chain_candidate.json --final-anchor-hi 0.971636

{
  "status": "phase2q-chain-not-closed",
  "theorem_facing": false,
  "promotion_allowed": false,
  "closure_level": "phase2q_chain_not_closed",
  "segment_count": 4,
  "covered_K_lo": 0.9600001,
  "covered_K_hi": 0.9620002,
  "min_segment_margin": 3.0994989431743516e-07,
  "min_tail_slack": 3.099508943174351e-07,
  "min_overlap": 9.999999994736442e-08,
  "final_anchor_reached": false,
  "expected_start_satisfied": true,
  "expected_end_satisfied": true,
  "regime_i_handoff_satisfied": true,
  "failure_fields": [
    "final_anchor_hi_not_reached"
  ]
}
wrote report: artifacts/proof_audit/lower_corridor/phase2q_chain/phase2q_collar_000_003_chain_audit.json
wrote csv: tables/proof_audit/lower_corridor/phase2q_chain/phase2q_collar_000_003_chain_segments.csv
wrote candidate: artifacts/proof_audit/lower_corridor/phase2q_chain/phase2q_collar_000_003_chain_candidate.json

Phase 2R failed: command failed with return code 2: /pscratch/sd/s/suryact/phase2k_venv/bin/python scripts/audit/run_lower_anchor_phase2q_chain_assembler.py --candidate artifacts/proof_audit/lower_corridor/phase2p_modewise_tail/phase2p_collar_000_FULL_THEOREM_READY_candidate.json --candidate artifacts/proof_audit/lower_corridor/phase2p_modewise_tail/phase2p_collar_001_THEOREM_READY_candidate.json --candidate artifacts/proof_audit/lower_corridor/phase2p_modewise_tail/phase2p_collar_002_THEOREM_READY_candidate.json --candidate artifacts/proof_audit/lower_corridor/phase2p_modewise_tail/phase2p_collar_003_THEOREM_READY_candidate.json --expected-start 0.9600001 --expected-end 0.9620002 --expected-regime-i-hi 0.9600001 --overlap-tolerance 1e-10 --out artifacts/proof_audit/lower_corridor/phase2q_chain/phase2q_collar_000_003_chain_audit.json --csv tables/proof_audit/lower_corridor/phase2q_chain/phase2q_collar_000_003_chain_segments.csv --candidate-out artifacts/proof_audit/lower_corridor/phase2q_chain/phase2q_collar_000_003_chain_candidate.json --final-anchor-hi 0.971636
